Archive member included to satisfy reference by file (symbol)

c:/MaximSDK/Libraries/PeriphDrivers/bin/MAX78000/softfp/libPeriphDriver_softfp.a(mxc_delay.o)
                              c:/Users/Mohan_Prabhakar/Desktop/Test1/kws20_demo/build/main.o (MXC_Delay)
c:/MaximSDK/Libraries/PeriphDrivers/bin/MAX78000/softfp/libPeriphDriver_softfp.a(pins_ai85.o)
                              c:/Users/Mohan_Prabhakar/Desktop/Test1/kws20_demo/build/camera.o (gpio_cfg_pcif_xclk)
c:/MaximSDK/Libraries/PeriphDrivers/bin/MAX78000/softfp/libPeriphDriver_softfp.a(sys_ai85.o)
                              c:/Users/Mohan_Prabhakar/Desktop/Test1/kws20_demo/build/main.o (MXC_SYS_ClockDisable)
c:/MaximSDK/Libraries/PeriphDrivers/bin/MAX78000/softfp/libPeriphDriver_softfp.a(nvic_table.o)
                              c:/Users/Mohan_Prabhakar/Desktop/Test1/kws20_demo/build/cnn.o (NVIC_SetVector)
c:/MaximSDK/Libraries/PeriphDrivers/bin/MAX78000/softfp/libPeriphDriver_softfp.a(cameraif_ai85.o)
                              c:/Users/Mohan_Prabhakar/Desktop/Test1/kws20_demo/build/camera.o (MXC_PCIF_Init)
c:/MaximSDK/Libraries/PeriphDrivers/bin/MAX78000/softfp/libPeriphDriver_softfp.a(cameraif_reva.o)
                              c:/MaximSDK/Libraries/PeriphDrivers/bin/MAX78000/softfp/libPeriphDriver_softfp.a(cameraif_ai85.o) (MXC_PCIF_RevA_SetDatawidth)
c:/MaximSDK/Libraries/PeriphDrivers/bin/MAX78000/softfp/libPeriphDriver_softfp.a(dma_me17.o)
                              c:/Users/Mohan_Prabhakar/Desktop/Test1/kws20_demo/build/camera.o (MXC_DMA_SetCallback)
c:/MaximSDK/Libraries/PeriphDrivers/bin/MAX78000/softfp/libPeriphDriver_softfp.a(dma_reva.o)
                              c:/MaximSDK/Libraries/PeriphDrivers/bin/MAX78000/softfp/libPeriphDriver_softfp.a(dma_me17.o) (MXC_DMA_RevA_Init)
c:/MaximSDK/Libraries/PeriphDrivers/bin/MAX78000/softfp/libPeriphDriver_softfp.a(lp_ai85.o)
                              c:/Users/Mohan_Prabhakar/Desktop/Test1/kws20_demo/build/main.o (MXC_LP_EnableWUTAlarmWakeup)
c:/MaximSDK/Libraries/PeriphDrivers/bin/MAX78000/softfp/libPeriphDriver_softfp.a(gpio_ai85.o)
                              c:/Users/Mohan_Prabhakar/Desktop/Test1/kws20_demo/build/cnn.o (MXC_GPIO_Config)
c:/MaximSDK/Libraries/PeriphDrivers/bin/MAX78000/softfp/libPeriphDriver_softfp.a(gpio_reva.o)
                              c:/MaximSDK/Libraries/PeriphDrivers/bin/MAX78000/softfp/libPeriphDriver_softfp.a(gpio_ai85.o) (MXC_GPIO_RevA_InGet)
c:/MaximSDK/Libraries/PeriphDrivers/bin/MAX78000/softfp/libPeriphDriver_softfp.a(i2c_me17.o)
                              c:/Users/Mohan_Prabhakar/Desktop/Test1/kws20_demo/build/max20303.o (MXC_I2C_Init)
c:/MaximSDK/Libraries/PeriphDrivers/bin/MAX78000/softfp/libPeriphDriver_softfp.a(i2c_reva.o)
                              c:/MaximSDK/Libraries/PeriphDrivers/bin/MAX78000/softfp/libPeriphDriver_softfp.a(i2c_me17.o) (MXC_I2C_RevA_DMACallback)
c:/MaximSDK/Libraries/PeriphDrivers/bin/MAX78000/softfp/libPeriphDriver_softfp.a(i2s_ai85.o)
                              c:/Users/Mohan_Prabhakar/Desktop/Test1/kws20_demo/build/main.o (MXC_I2S_Init)
c:/MaximSDK/Libraries/PeriphDrivers/bin/MAX78000/softfp/libPeriphDriver_softfp.a(i2s_reva.o)
                              c:/MaximSDK/Libraries/PeriphDrivers/bin/MAX78000/softfp/libPeriphDriver_softfp.a(i2s_ai85.o) (MXC_I2S_RevA_Init)
c:/MaximSDK/Libraries/PeriphDrivers/bin/MAX78000/softfp/libPeriphDriver_softfp.a(icc_me17.o)
                              c:/Users/Mohan_Prabhakar/Desktop/Test1/kws20_demo/build/main.o (MXC_ICC_Enable)
c:/MaximSDK/Libraries/PeriphDrivers/bin/MAX78000/softfp/libPeriphDriver_softfp.a(icc_reva.o)
                              c:/MaximSDK/Libraries/PeriphDrivers/bin/MAX78000/softfp/libPeriphDriver_softfp.a(icc_me17.o) (MXC_ICC_RevA_ID)
c:/MaximSDK/Libraries/PeriphDrivers/bin/MAX78000/softfp/libPeriphDriver_softfp.a(pt_me17.o)
                              c:/Users/Mohan_Prabhakar/Desktop/Test1/kws20_demo/build/camera.o (MXC_PT_Init)
c:/MaximSDK/Libraries/PeriphDrivers/bin/MAX78000/softfp/libPeriphDriver_softfp.a(pt_reva.o)
                              c:/MaximSDK/Libraries/PeriphDrivers/bin/MAX78000/softfp/libPeriphDriver_softfp.a(pt_me17.o) (MXC_PT_RevA_Init)
c:/MaximSDK/Libraries/PeriphDrivers/bin/MAX78000/softfp/libPeriphDriver_softfp.a(spi_me17.o)
                              c:/Users/Mohan_Prabhakar/Desktop/Test1/kws20_demo/build/tft_fthr.o (MXC_SPI_Init)
c:/MaximSDK/Libraries/PeriphDrivers/bin/MAX78000/softfp/libPeriphDriver_softfp.a(spi_reva.o)
                              c:/MaximSDK/Libraries/PeriphDrivers/bin/MAX78000/softfp/libPeriphDriver_softfp.a(spi_me17.o) (MXC_SPI_RevA_Init)
c:/MaximSDK/Libraries/PeriphDrivers/bin/MAX78000/softfp/libPeriphDriver_softfp.a(tmr_ai85.o)
                              c:/Users/Mohan_Prabhakar/Desktop/Test1/kws20_demo/build/cnn.o (MXC_TMR_SW_Start)
c:/MaximSDK/Libraries/PeriphDrivers/bin/MAX78000/softfp/libPeriphDriver_softfp.a(tmr_revb.o)
[...]
Memory Configuration

Name             Origin             Length             Attributes
ROM              0x00000000         0x00010000         xr
FLASH            0x10000000         0x00080000         xr
SRAM             0x20000000         0x00020000         xrw
*default*        0x00000000         0xffffffff

Linker script and memory map

LOAD c:/maximsdk/tools/gnutools/bin/../lib/gcc/arm-none-eabi/9.2.1/thumb/v7e-m+fp/softfp/crti.o
LOAD c:/maximsdk/tools/gnutools/bin/../lib/gcc/arm-none-eabi/9.2.1/thumb/v7e-m+fp/softfp/crtbegin.o
LOAD c:/maximsdk/tools/gnutools/bin/../lib/gcc/arm-none-eabi/9.2.1/../../../../arm-none-eabi/lib/thumb/v7e-m+fp/softfp/crt0.o
LOAD c:/Users/Mohan_Prabhakar/Desktop/Test1/kws20_demo/build/main.o
LOAD c:/Users/Mohan_Prabhakar/Desktop/Test1/kws20_demo/build/softmax.o
LOAD c:/Users/Mohan_Prabhakar/Desktop/Test1/kws20_demo/build/cnn.o
LOAD c:/Users/Mohan_Prabhakar/Desktop/Test1/kws20_demo/build/img_1_rgb565.o
LOAD c:/Users/Mohan_Prabhakar/Desktop/Test1/kws20_demo/build/SansSerif16x16.o
LOAD c:/Users/Mohan_Prabhakar/Desktop/Test1/kws20_demo/build/board.o
LOAD c:/Users/Mohan_Prabhakar/Desktop/Test1/kws20_demo/build/stdio.o
LOAD c:/Users/Mohan_Prabhakar/Desktop/Test1/kws20_demo/build/led.o
LOAD c:/Users/Mohan_Prabhakar/Desktop/Test1/kws20_demo/build/pb.o
LOAD c:/Users/Mohan_Prabhakar/Desktop/Test1/kws20_demo/build/tft_fthr.o
LOAD c:/Users/Mohan_Prabhakar/Desktop/Test1/kws20_demo/build/camera.o
LOAD c:/Users/Mohan_Prabhakar/Desktop/Test1/kws20_demo/build/ov7692.o
LOAD c:/Users/Mohan_Prabhakar/Desktop/Test1/kws20_demo/build/sccb.o
LOAD c:/Users/Mohan_Prabhakar/Desktop/Test1/kws20_demo/build/max20303.o
LOAD c:/Users/Mohan_Prabhakar/Desktop/Test1/kws20_demo/build/startup_max78000.o
LOAD c:/Users/Mohan_Prabhakar/Desktop/Test1/kws20_demo/build/heap.o
LOAD c:/Users/Mohan_Prabhakar/Desktop/Test1/kws20_demo/build/system_max78000.o
START GROUP
LOAD c:/MaximSDK/Libraries/PeriphDrivers/bin/MAX78000/softfp/libPeriphDriver_softfp.a
LOAD c:/maximsdk/tools/gnutools/bin/../lib/gcc/arm-none-eabi/9.2.1/../../../../arm-none-eabi/lib/thumb/v7e-m+fp/softfp\libc.a
LOAD c:/maximsdk/tools/gnutools/bin/../lib/gcc/arm-none-eabi/9.2.1/../../../../arm-none-eabi/lib/thumb/v7e-m+fp/softfp\libm.a
LOAD c:/maximsdk/tools/gnutools/bin/../lib/gcc/arm-none-eabi/9.2.1/../../../../arm-none-eabi/lib/thumb/v7e-m+fp/softfp\libnosys.a
END GROUP
START GROUP
LOAD c:/maximsdk/tools/gnutools/bin/../lib/gcc/arm-none-eabi/9.2.1/thumb/v7e-m+fp/softfp\libgcc.a
LOAD c:/maximsdk/tools/gnutools/bin/../lib/gcc/arm-none-eabi/9.2.1/../../../../arm-none-eabi/lib/thumb/v7e-m+fp/softfp\libc.a
END GROUP
LOAD c:/maximsdk/tools/gnutools/bin/../lib/gcc/arm-none-eabi/9.2.1/thumb/v7e-m+fp/softfp/crtend.o
LOAD c:/maximsdk/tools/gnutools/bin/../lib/gcc/arm-none-eabi/9.2.1/thumb/v7e-m+fp/softfp/crtn.o

.rom
 *(.rom_vector)
 *(.rom_handlers*)

.text           0x10000000    0x34964
                0x10000000                _text = .
 *(.isr_vector)
 .isr_vector    0x10000000      0x1e0 c:/Users/Mohan_Prabhakar/Desktop/Test1/kws20_demo/build/startup_max78000.o
                0x10000000                __isr_vector
 *(.text*)
 .text          0x100001e0       0x40 c:/maximsdk/tools/gnutools/bin/../lib/gcc/arm-none-eabi/9.2.1/thumb/v7e-m+fp/softfp/crtbegin.o
 .text.WUT_IRQHandler
                0x10000220       0x20 c:/Users/Mohan_Prabhakar/Desktop/Test1/kws20_demo/build/main.o
                0x10000220                WUT_IRQHandler
 .text.I2SInit  0x10000240       0x90 c:/Users/Mohan_Prabhakar/Desktop/Test1/kws20_demo/build/main.o
                0x10000240                I2SInit
 .text.check_inference
                0x100002d0       0x9c c:/Users/Mohan_Prabhakar/Desktop/Test1/kws20_demo/build/main.o
                0x100002d0                check_inference
 .text.fail     0x1000036c       0x10 c:/Users/Mohan_Prabhakar/Desktop/Test1/kws20_demo/build/main.o
                0x1000036c                fail
 .text.cnn_load_data
                0x1000037c       0xa0 c:/Users/Mohan_Prabhakar/Desktop/Test1/kws20_demo/build/main.o
                0x1000037c                cnn_load_data
 .text.AddTranspose
                0x1000041c       0xe4 c:/Users/Mohan_Prabhakar/Desktop/Test1/kws20_demo/build/main.o
                0x1000041c                AddTranspose
 .text.HPF      0x10000500       0x70 c:/Users/Mohan_Prabhakar/Desktop/Test1/kws20_demo/build/main.o
                0x10000500                HPF
 .text.MicReadChunk.part.0
                0x10000570       0xe8 c:/Users/Mohan_Prabhakar/Desktop/Test1/kws20_demo/build/main.o
 .text.startup.main
                0x10000658      0x49c c:/Users/Mohan_Prabhakar/Desktop/Test1/kws20_demo/build/main.o
                0x10000658                main
 .text.softmax_q17p14_q15
                0x10000af4       0xa8 c:/Users/Mohan_Prabhakar/Desktop/Test1/kws20_demo/build/softmax.o
                0x10000af4                softmax_q17p14_q15
 .text.CNN_ISR  0x10000b9c       0x54 c:/Users/Mohan_Prabhakar/Desktop/Test1/kws20_demo/build/cnn.o
                0x10000b9c                CNN_ISR
 .text.cnn_stop
                0x10000bf0       0x14 c:/Users/Mohan_Prabhakar/Desktop/Test1/kws20_demo/build/cnn.o
                0x10000bf0                cnn_stop
 .text.cnn_load_weights
                0x10000c04      0xc08 c:/Users/Mohan_Prabhakar/Desktop/Test1/kws20_demo/build/cnn.o
                0x10000c04                cnn_load_weights
 .text.cnn_init
                0x1000180c       0x74 c:/Users/Mohan_Prabhakar/Desktop/Test1/kws20_demo/build/cnn.o
                0x1000180c                cnn_init
 .text.cnn_configure
                0x10001880      0xd1c c:/Users/Mohan_Prabhakar/Desktop/Test1/kws20_demo/build/cnn.o
                0x10001880                cnn_configure
 .text.cnn_start
                0x1000259c       0x54 c:/Users/Mohan_Prabhakar/Desktop/Test1/kws20_demo/build/cnn.o
                0x1000259c                cnn_start
 .text.cnn_unload
                0x100025f0       0x8c c:/Users/Mohan_Prabhakar/Desktop/Test1/kws20_demo/build/cnn.o
                0x100025f0                cnn_unload
 .text.cnn_enable
                0x1000267c       0x3c c:/Users/Mohan_Prabhakar/Desktop/Test1/kws20_demo/build/cnn.o
                0x1000267c                cnn_enable
 .text.cnn_boost_enable
                0x100026b8       0x24 c:/Users/Mohan_Prabhakar/Desktop/Test1/kws20_demo/build/cnn.o
                0x100026b8                cnn_boost_enable
 .text.mxc_assert
                0x100026dc       0x10 c:/Users/Mohan_Prabhakar/Desktop/Test1/kws20_demo/build/board.o
                0x100026dc                mxc_assert
 .text.Board_Init
                0x100026ec       0x6c c:/Users/Mohan_Prabhakar/Desktop/Test1/kws20_demo/build/board.o
                0x100026ec                Board_Init
 .text.NMI_Handler
                0x10002758        0x4 c:/Users/Mohan_Prabhakar/Desktop/Test1/kws20_demo/build/board.o
                0x10002758                NMI_Handler
 .text.Microphone_Power
                0x1000275c       0x1c c:/Users/Mohan_Prabhakar/Desktop/Test1/kws20_demo/build/board.o
                0x1000275c                Microphone_Power
 .text._close   0x10002778        0x8 c:/Users/Mohan_Prabhakar/Desktop/Test1/kws20_demo/build/stdio.o
                0x10002778                _close
 .text._isatty  0x10002780        0x8 c:/Users/Mohan_Prabhakar/Desktop/Test1/kws20_demo/build/stdio.o
                0x10002780                _isatty
 .text._lseek   0x10002788        0x8 c:/Users/Mohan_Prabhakar/Desktop/Test1/kws20_demo/build/stdio.o
                0x10002788                _lseek
 .text._fstat   0x10002790        0x8 c:/Users/Mohan_Prabhakar/Desktop/Test1/kws20_demo/build/stdio.o
                0x10002790                _fstat
 .text._read    0x10002798       0x50 c:/Users/Mohan_Prabhakar/Desktop/Test1/kws20_demo/build/stdio.o
                0x10002798                _read
 .text._write   0x100027e8       0x4c c:/Users/Mohan_Prabhakar/Desktop/Test1/kws20_demo/build/stdio.o
                0x100027e8                _write
 .text.LED_On   0x10002834       0x40 c:/Users/Mohan_Prabhakar/Desktop/Test1/kws20_demo/build/led.o
                0x10002834                LED_On
 .text.LED_Off  0x10002874       0x40 c:/Users/Mohan_Prabhakar/Desktop/Test1/kws20_demo/build/led.o
                0x10002874                LED_Off
 .text.LED_Init
                0x100028b4       0x40 c:/Users/Mohan_Prabhakar/Desktop/Test1/kws20_demo/build/led.o
                0x100028b4                LED_Init
 .text.PB_Init  0x100028f4       0x34 c:/Users/Mohan_Prabhakar/Desktop/Test1/kws20_demo/build/pb.o
                0x100028f4                PB_Init
 .text.GPIO0_IRQHandler
                0x10002928        0x8 c:/Users/Mohan_Prabhakar/Desktop/Test1/kws20_demo/build/pb.o
                0x10002928                GPIO0_IRQHandler
 .text.GPIO1_IRQHandler
                0x10002930        0x8 c:/Users/Mohan_Prabhakar/Desktop/Test1/kws20_demo/build/pb.o
                0x10002930                GPIO1_IRQHandler
 .text.GPIO2_IRQHandler
                0x10002938        0x8 c:/Users/Mohan_Prabhakar/Desktop/Test1/kws20_demo/build/pb.o
                0x10002938                GPIO2_IRQHandler
 .text.PB_Get   0x10002940       0x44 c:/Users/Mohan_Prabhakar/Desktop/Test1/kws20_demo/build/pb.o
                0x10002940                PB_Get
 .text.reg_read
                0x10002984       0x78 c:/Users/Mohan_Prabhakar/Desktop/Test1/kws20_demo/build/max20303.o
 .text.reg_write
                0x100029fc       0x60 c:/Users/Mohan_Prabhakar/Desktop/Test1/kws20_demo/build/max20303.o
 .text.reg_write_buf.constprop.0
                0x10002a5c       0x70 c:/Users/Mohan_Prabhakar/Desktop/Test1/kws20_demo/build/max20303.o
 .text.max20303_mic_power
                0x10002acc       0x68 c:/Users/Mohan_Prabhakar/Desktop/Test1/kws20_demo/build/max20303.o
                0x10002acc                max20303_mic_power
 .text.max20303_init
                0x10002b34       0x68 c:/Users/Mohan_Prabhakar/Desktop/Test1/kws20_demo/build/max20303.o
                0x10002b34                max20303_init
 .text          0x10002b9c      0x148 c:/Users/Mohan_Prabhakar/Desktop/Test1/kws20_demo/build/startup_max78000.o
                0x10002b9c                Reset_Handler
                0x10002bda                HardFault_Handler
                0x10002bdc                MemManage_Handler
                0x10002bde                BusFault_Handler
                0x10002be0                UsageFault_Handler
                0x10002be2                SVC_Handler
                0x10002be4                DebugMon_Handler
                0x10002be6                PendSV_Handler
                0x10002be8                SysTick_Handler
                0x10002bea                Default_Handler
                0x10002bec                PF_IRQHandler
                0x10002bee                WDT0_IRQHandler
                0x10002bf0                RSV02_IRQHandler
                0x10002bf2                RTC_IRQHandler
                0x10002bf4                TRNG_IRQHandler
                0x10002bf6                TMR0_IRQHandler
                0x10002bf8                TMR1_IRQHandler
                0x10002bfa                TMR2_IRQHandler
                0x10002bfc                TMR3_IRQHandler
                0x10002bfe                TMR4_IRQHandler
                0x10002c00                TMR5_IRQHandler
                0x10002c02                RSV11_IRQHandler
                0x10002c04                RSV12_IRQHandler
                0x10002c06                I2C0_IRQHandler
                0x10002c08                UART0_IRQHandler
                0x10002c0a                UART1_IRQHandler
                0x10002c0c                SPI1_IRQHandler
                0x10002c0e                RSV17_IRQHandler
                0x10002c10                RSV18_IRQHandler
                0x10002c12                RSV19_IRQHandler
                0x10002c14                ADC_IRQHandler
                0x10002c16                RSV21_IRQHandler
                0x10002c18                RSV22_IRQHandler
                0x10002c1a                FLC0_IRQHandler
                0x10002c22                RSV27_IRQHandler
                0x10002c24                DMA0_IRQHandler
                0x10002c26                DMA1_IRQHandler
                0x10002c28                DMA2_IRQHandler
                0x10002c2a                DMA3_IRQHandler
                0x10002c2c                RSV32_IRQHandler
                0x10002c2e                RSV33_IRQHandler
                0x10002c30                UART2_IRQHandler
                0x10002c32                RSV35_IRQHandler
                0x10002c34                I2C1_IRQHandler
                0x10002c36                RSV37_IRQHandler
                0x10002c38                RSV38_IRQHandler
                0x10002c3a                RSV39_IRQHandler
                0x10002c3c                RSV40_IRQHandler
                0x10002c3e                RSV41_IRQHandler
                0x10002c40                RSV42_IRQHandler
                0x10002c42                RSV43_IRQHandler
                0x10002c44                RSV44_IRQHandler
                0x10002c46                RSV45_IRQHandler
                0x10002c48                RSV46_IRQHandler
                0x10002c4a                RSV47_IRQHandler
                0x10002c4c                RSV48_IRQHandler
                0x10002c4e                RSV49_IRQHandler
                0x10002c50                RSV50_IRQHandler
                0x10002c52                RSV51_IRQHandler
                0x10002c54                RSV52_IRQHandler
                0x10002c58                GPIOWAKE_IRQHandler
                0x10002c5a                RSV55_IRQHandler
                0x10002c5c                SPI0_IRQHandler
                0x10002c5e                WDT1_IRQHandler
                0x10002c60                RSV58_IRQHandler
                0x10002c62                PT_IRQHandler
                0x10002c64                RSV60_IRQHandler
                0x10002c66                RSV61_IRQHandler
                0x10002c68                I2C2_IRQHandler
                0x10002c6a                RISCV_IRQHandler
                0x10002c6c                RSV64_IRQHandler
                0x10002c6e                RSV65_IRQHandler
                0x10002c70                RSV66_IRQHandler
                0x10002c72                OWM_IRQHandler
                0x10002c74                RSV68_IRQHandler
                0x10002c76                RSV69_IRQHandler
                0x10002c78                RSV70_IRQHandler
                0x10002c7a                RSV71_IRQHandler
                0x10002c7c                RSV72_IRQHandler
                0x10002c7e                RSV73_IRQHandler
                0x10002c80                RSV74_IRQHandler
                0x10002c82                RSV75_IRQHandler
                0x10002c84                RSV76_IRQHandler
                0x10002c86                RSV77_IRQHandler
                0x10002c88                RSV78_IRQHandler
                0x10002c8a                RSV79_IRQHandler
                0x10002c8c                RSV80_IRQHandler
                0x10002c8e                RSV81_IRQHandler
                0x10002c90                ECC_IRQHandler
                0x10002c92                DVS_IRQHandler
                0x10002c94                SIMO_IRQHandler
                0x10002c96                RSV85_IRQHandler
                0x10002c98                RSV86_IRQHandler
                0x10002c9a                RSV87_IRQHandler
                0x10002c9c                UART3_IRQHandler
                0x10002c9e                RSV89_IRQHandler
                0x10002ca0                RSV90_IRQHandler
                0x10002ca2                PCIF_IRQHandler
                0x10002ca4                RSV92_IRQHandler
                0x10002ca6                RSV93_IRQHandler
                0x10002ca8                RSV94_IRQHandler
                0x10002caa                RSV95_IRQHandler
                0x10002cac                RSV96_IRQHandler
                0x10002cae                AES_IRQHandler
                0x10002cb0                RSV98_IRQHandler
                0x10002cb2                I2S_IRQHandler
                0x10002cb4                CNN_FIFO_IRQHandler
                0x10002cb6                CNN_IRQHandler
                0x10002cb8                RSV102_IRQHandler
                0x10002cba                LPCMP_IRQHandler
 .text._sbrk    0x10002ce4       0x40 c:/Users/Mohan_Prabhakar/Desktop/Test1/kws20_demo/build/heap.o
                0x10002ce4                _sbrk
 .text.SystemCoreClockUpdate
                0x10002d24       0x68 c:/Users/Mohan_Prabhakar/Desktop/Test1/kws20_demo/build/system_max78000.o
                0x10002d24                SystemCoreClockUpdate
 .text.PreInit  0x10002d8c        0x4 c:/Users/Mohan_Prabhakar/Desktop/Test1/kws20_demo/build/system_max78000.o
                0x10002d8c                PreInit
 .text.SystemInit
                0x10002d90       0x30 c:/Users/Mohan_Prabhakar/Desktop/Test1/kws20_demo/build/system_max78000.o
                0x10002d90                SystemInit
 .text.MXC_DelayInit
                0x10002dc0       0x80 c:/MaximSDK/Libraries/PeriphDrivers/bin/MAX78000/softfp/libPeriphDriver_softfp.a(mxc_delay.o)
 .text.MXC_DelayAsync
                0x10002e40       0x3c c:/MaximSDK/Libraries/PeriphDrivers/bin/MAX78000/softfp/libPeriphDriver_softfp.a(mxc_delay.o)
                0x10002e40                MXC_DelayAsync
 .text.MXC_DelayCheck
                0x10002e7c       0x74 c:/MaximSDK/Libraries/PeriphDrivers/bin/MAX78000/softfp/libPeriphDriver_softfp.a(mxc_delay.o)
                0x10002e7c                MXC_DelayCheck
 .text.MXC_DelayAbort
                0x10002ef0       0x34 c:/MaximSDK/Libraries/PeriphDrivers/bin/MAX78000/softfp/libPeriphDriver_softfp.a(mxc_delay.o)
                0x10002ef0                MXC_DelayAbort
 .text.MXC_Delay
                0x10002f24       0x74 c:/MaximSDK/Libraries/PeriphDrivers/bin/MAX78000/softfp/libPeriphDriver_softfp.a(mxc_delay.o)
                0x10002f24                MXC_Delay
 .text.MXC_SYS_ClockDisable
                0x10002f98       0x44 c:/MaximSDK/Libraries/PeriphDrivers/bin/MAX78000/softfp/libPeriphDriver_softfp.a(sys_ai85.o)
                0x10002f98                MXC_SYS_ClockDisable
 .text.MXC_SYS_ClockEnable
                0x10002fdc       0x4c c:/MaximSDK/Libraries/PeriphDrivers/bin/MAX78000/softfp/libPeriphDriver_softfp.a(sys_ai85.o)
                0x10002fdc                MXC_SYS_ClockEnable
 .text.MXC_SYS_Clock_Timeout
                0x10003028       0x30 c:/MaximSDK/Libraries/PeriphDrivers/bin/MAX78000/softfp/libPeriphDriver_softfp.a(sys_ai85.o)
                0x10003028                MXC_SYS_Clock_Timeout
 .text.MXC_SYS_ClockSourceEnable
                0x10003058       0x74 c:/MaximSDK/Libraries/PeriphDrivers/bin/MAX78000/softfp/libPeriphDriver_softfp.a(sys_ai85.o)
                0x10003058                MXC_SYS_ClockSourceEnable
 .text.MXC_SYS_Clock_Select
                0x100030cc       0xf4 c:/MaximSDK/Libraries/PeriphDrivers/bin/MAX78000/softfp/libPeriphDriver_softfp.a(sys_ai85.o)
                0x100030cc                MXC_SYS_Clock_Select
 .text.MXC_SYS_Reset_Periph
                0x100031c0       0x3c c:/MaximSDK/Libraries/PeriphDrivers/bin/MAX78000/softfp/libPeriphDriver_softfp.a(sys_ai85.o)
                0x100031c0                MXC_SYS_Reset_Periph
 .text.NVIC_SetVector
                0x100031fc       0x4c c:/MaximSDK/Libraries/PeriphDrivers/bin/MAX78000/softfp/libPeriphDriver_softfp.a(nvic_table.o)
                0x100031fc                NVIC_SetVector
 .text.MXC_LP_EnableWUTAlarmWakeup
                0x10003248       0x10 c:/MaximSDK/Libraries/PeriphDrivers/bin/MAX78000/softfp/libPeriphDriver_softfp.a(lp_ai85.o)
                0x10003248                MXC_LP_EnableWUTAlarmWakeup
 .text.MXC_GPIO_Init
                0x10003258       0x38 c:/MaximSDK/Libraries/PeriphDrivers/bin/MAX78000/softfp/libPeriphDriver_softfp.a(gpio_ai85.o)
                0x10003258                MXC_GPIO_Init
 .text.MXC_GPIO_Config
                0x10003290      0x190 c:/MaximSDK/Libraries/PeriphDrivers/bin/MAX78000/softfp/libPeriphDriver_softfp.a(gpio_ai85.o)
                0x10003290                MXC_GPIO_Config
 .text.MXC_GPIO_InGet
                0x10003420       0x48 c:/MaximSDK/Libraries/PeriphDrivers/bin/MAX78000/softfp/libPeriphDriver_softfp.a(gpio_ai85.o)
                0x10003420                MXC_GPIO_InGet
 .text.MXC_GPIO_OutSet
                0x10003468       0x34 c:/MaximSDK/Libraries/PeriphDrivers/bin/MAX78000/softfp/libPeriphDriver_softfp.a(gpio_ai85.o)
                0x10003468                MXC_GPIO_OutSet
 .text.MXC_GPIO_OutClr
                0x1000349c       0x34 c:/MaximSDK/Libraries/PeriphDrivers/bin/MAX78000/softfp/libPeriphDriver_softfp.a(gpio_ai85.o)
                0x1000349c                MXC_GPIO_OutClr
 .text.MXC_GPIO_Handler
                0x100034d0        0x4 c:/MaximSDK/Libraries/PeriphDrivers/bin/MAX78000/softfp/libPeriphDriver_softfp.a(gpio_ai85.o)
                0x100034d0                MXC_GPIO_Handler
 .text.MXC_GPIO_ClearFlags
                0x100034d4        0x4 c:/MaximSDK/Libraries/PeriphDrivers/bin/MAX78000/softfp/libPeriphDriver_softfp.a(gpio_ai85.o)
                0x100034d4                MXC_GPIO_ClearFlags
 .text.MXC_GPIO_GetFlags
                0x100034d8        0x4 c:/MaximSDK/Libraries/PeriphDrivers/bin/MAX78000/softfp/libPeriphDriver_softfp.a(gpio_ai85.o)
                0x100034d8                MXC_GPIO_GetFlags
 .text.MXC_GPIO_RevA_InGet
                0x100034dc        0x8 c:/MaximSDK/Libraries/PeriphDrivers/bin/MAX78000/softfp/libPeriphDriver_softfp.a(gpio_reva.o)
                0x100034dc                MXC_GPIO_RevA_InGet
 .text.MXC_GPIO_RevA_OutSet
                0x100034e4        0x4 c:/MaximSDK/Libraries/PeriphDrivers/bin/MAX78000/softfp/libPeriphDriver_softfp.a(gpio_reva.o)
                0x100034e4                MXC_GPIO_RevA_OutSet
 .text.MXC_GPIO_RevA_OutClr
                0x100034e8        0x4 c:/MaximSDK/Libraries/PeriphDrivers/bin/MAX78000/softfp/libPeriphDriver_softfp.a(gpio_reva.o)
                0x100034e8                MXC_GPIO_RevA_OutClr
 .text.MXC_GPIO_RevA_ClearFlags
                0x100034ec        0x4 c:/MaximSDK/Libraries/PeriphDrivers/bin/MAX78000/softfp/libPeriphDriver_softfp.a(gpio_reva.o)
                0x100034ec                MXC_GPIO_RevA_ClearFlags
 .text.MXC_GPIO_RevA_GetFlags
                0x100034f0        0x4 c:/MaximSDK/Libraries/PeriphDrivers/bin/MAX78000/softfp/libPeriphDriver_softfp.a(gpio_reva.o)
                0x100034f0                MXC_GPIO_RevA_GetFlags
 .text.MXC_GPIO_RevA_SetVSSEL
                0x100034f4       0x30 c:/MaximSDK/Libraries/PeriphDrivers/bin/MAX78000/softfp/libPeriphDriver_softfp.a(gpio_reva.o)
                0x100034f4                MXC_GPIO_RevA_SetVSSEL
 .text.MXC_GPIO_RevA_SetAF
                0x10003524       0x58 c:/MaximSDK/Libraries/PeriphDrivers/bin/MAX78000/softfp/libPeriphDriver_softfp.a(gpio_reva.o)
                0x10003524                MXC_GPIO_RevA_SetAF
 .text.MXC_I2C_SetSlaveAddr
                0x1000357c        0x4 c:/MaximSDK/Libraries/PeriphDrivers/bin/MAX78000/softfp/libPeriphDriver_softfp.a(i2c_me17.o)
                0x1000357c                MXC_I2C_SetSlaveAddr
 .text.MXC_I2C_Shutdown
                0x10003580       0x58 c:/MaximSDK/Libraries/PeriphDrivers/bin/MAX78000/softfp/libPeriphDriver_softfp.a(i2c_me17.o)
                0x10003580                MXC_I2C_Shutdown
 .text.MXC_I2C_Init
                0x100035d8       0x94 c:/MaximSDK/Libraries/PeriphDrivers/bin/MAX78000/softfp/libPeriphDriver_softfp.a(i2c_me17.o)
                0x100035d8                MXC_I2C_Init
 .text.MXC_I2C_SetFrequency
                0x1000366c       0x14 c:/MaximSDK/Libraries/PeriphDrivers/bin/MAX78000/softfp/libPeriphDriver_softfp.a(i2c_me17.o)
                0x1000366c                MXC_I2C_SetFrequency
 .text.MXC_I2C_GetFrequency
                0x10003680        0x4 c:/MaximSDK/Libraries/PeriphDrivers/bin/MAX78000/softfp/libPeriphDriver_softfp.a(i2c_me17.o)
                0x10003680                MXC_I2C_GetFrequency
 .text.MXC_I2C_ClearRXFIFO
                0x10003684        0x4 c:/MaximSDK/Libraries/PeriphDrivers/bin/MAX78000/softfp/libPeriphDriver_softfp.a(i2c_me17.o)
                0x10003684                MXC_I2C_ClearRXFIFO
 .text.MXC_I2C_ClearTXFIFO
                0x10003688        0x4 c:/MaximSDK/Libraries/PeriphDrivers/bin/MAX78000/softfp/libPeriphDriver_softfp.a(i2c_me17.o)
                0x10003688                MXC_I2C_ClearTXFIFO
 .text.MXC_I2C_Recover
                0x1000368c        0x4 c:/MaximSDK/Libraries/PeriphDrivers/bin/MAX78000/softfp/libPeriphDriver_softfp.a(i2c_me17.o)
                0x1000368c                MXC_I2C_Recover
 .text.MXC_I2C_SetRXThreshold
                0x10003690        0x4 c:/MaximSDK/Libraries/PeriphDrivers/bin/MAX78000/softfp/libPeriphDriver_softfp.a(i2c_me17.o)
                0x10003690                MXC_I2C_SetRXThreshold
 .text.MXC_I2C_SetTXThreshold
                0x10003694        0x4 c:/MaximSDK/Libraries/PeriphDrivers/bin/MAX78000/softfp/libPeriphDriver_softfp.a(i2c_me17.o)
                0x10003694                MXC_I2C_SetTXThreshold
 .text.MXC_I2C_RevA_Init
                0x10003698       0xd0 c:/MaximSDK/Libraries/PeriphDrivers/bin/MAX78000/softfp/libPeriphDriver_softfp.a(i2c_reva.o)
                0x10003698                MXC_I2C_RevA_Init
 .text.MXC_I2C_RevA_SetSlaveAddr
                0x10003768       0x34 c:/MaximSDK/Libraries/PeriphDrivers/bin/MAX78000/softfp/libPeriphDriver_softfp.a(i2c_reva.o)
                0x10003768                MXC_I2C_RevA_SetSlaveAddr
 .text.MXC_I2C_RevA_SetFrequency
                0x1000379c       0x78 c:/MaximSDK/Libraries/PeriphDrivers/bin/MAX78000/softfp/libPeriphDriver_softfp.a(i2c_reva.o)
                0x1000379c                MXC_I2C_RevA_SetFrequency
 .text.MXC_I2C_RevA_GetFrequency
                0x10003814       0x20 c:/MaximSDK/Libraries/PeriphDrivers/bin/MAX78000/softfp/libPeriphDriver_softfp.a(i2c_reva.o)
                0x10003814                MXC_I2C_RevA_GetFrequency
 .text.MXC_I2C_RevA_ClearRXFIFO
                0x10003834       0x10 c:/MaximSDK/Libraries/PeriphDrivers/bin/MAX78000/softfp/libPeriphDriver_softfp.a(i2c_reva.o)
                0x10003834                MXC_I2C_RevA_ClearRXFIFO
 .text.MXC_I2C_RevA_ClearTXFIFO
                0x10003844       0x10 c:/MaximSDK/Libraries/PeriphDrivers/bin/MAX78000/softfp/libPeriphDriver_softfp.a(i2c_reva.o)
                0x10003844                MXC_I2C_RevA_ClearTXFIFO
 .text.MXC_I2C_RevA_Recover
                0x10003854       0xd8 c:/MaximSDK/Libraries/PeriphDrivers/bin/MAX78000/softfp/libPeriphDriver_softfp.a(i2c_reva.o)
                0x10003854                MXC_I2C_RevA_Recover
 .text.MXC_I2C_RevA_SetRXThreshold
                0x1000392c       0x20 c:/MaximSDK/Libraries/PeriphDrivers/bin/MAX78000/softfp/libPeriphDriver_softfp.a(i2c_reva.o)
                0x1000392c                MXC_I2C_RevA_SetRXThreshold
 .text.MXC_I2C_RevA_SetTXThreshold
                0x1000394c       0x20 c:/MaximSDK/Libraries/PeriphDrivers/bin/MAX78000/softfp/libPeriphDriver_softfp.a(i2c_reva.o)
                0x1000394c                MXC_I2C_RevA_SetTXThreshold
 .text.MXC_I2S_Shutdown
                0x1000396c       0x1c c:/MaximSDK/Libraries/PeriphDrivers/bin/MAX78000/softfp/libPeriphDriver_softfp.a(i2s_ai85.o)
                0x1000396c                MXC_I2S_Shutdown
 .text.MXC_I2S_Init
                0x10003988       0x38 c:/MaximSDK/Libraries/PeriphDrivers/bin/MAX78000/softfp/libPeriphDriver_softfp.a(i2s_ai85.o)
                0x10003988                MXC_I2S_Init
 .text.MXC_I2S_ConfigData
                0x100039c0        0xc c:/MaximSDK/Libraries/PeriphDrivers/bin/MAX78000/softfp/libPeriphDriver_softfp.a(i2s_ai85.o)
                0x100039c0                MXC_I2S_ConfigData
 .text.MXC_I2S_TXDisable
                0x100039cc        0xc c:/MaximSDK/Libraries/PeriphDrivers/bin/MAX78000/softfp/libPeriphDriver_softfp.a(i2s_ai85.o)
                0x100039cc                MXC_I2S_TXDisable
 .text.MXC_I2S_RXEnable
                0x100039d8        0xc c:/MaximSDK/Libraries/PeriphDrivers/bin/MAX78000/softfp/libPeriphDriver_softfp.a(i2s_ai85.o)
                0x100039d8                MXC_I2S_RXEnable
 .text.MXC_I2S_RXDisable
                0x100039e4        0xc c:/MaximSDK/Libraries/PeriphDrivers/bin/MAX78000/softfp/libPeriphDriver_softfp.a(i2s_ai85.o)
                0x100039e4                MXC_I2S_RXDisable
 .text.MXC_I2S_SetRXThreshold
                0x100039f0        0xc c:/MaximSDK/Libraries/PeriphDrivers/bin/MAX78000/softfp/libPeriphDriver_softfp.a(i2s_ai85.o)
                0x100039f0                MXC_I2S_SetRXThreshold
 .text.MXC_I2S_SetFrequency
                0x100039fc       0x10 c:/MaximSDK/Libraries/PeriphDrivers/bin/MAX78000/softfp/libPeriphDriver_softfp.a(i2s_ai85.o)
                0x100039fc                MXC_I2S_SetFrequency
 .text.MXC_I2S_Flush
                0x10003a0c        0xc c:/MaximSDK/Libraries/PeriphDrivers/bin/MAX78000/softfp/libPeriphDriver_softfp.a(i2s_ai85.o)
                0x10003a0c                MXC_I2S_Flush
 .text.MXC_I2S_DisableInt
                0x10003a18        0xc c:/MaximSDK/Libraries/PeriphDrivers/bin/MAX78000/softfp/libPeriphDriver_softfp.a(i2s_ai85.o)
                0x10003a18                MXC_I2S_DisableInt
 .text.MXC_I2S_RevA_Init
                0x10003a24       0x68 c:/MaximSDK/Libraries/PeriphDrivers/bin/MAX78000/softfp/libPeriphDriver_softfp.a(i2s_reva.o)
                0x10003a24                MXC_I2S_RevA_Init
 .text.MXC_I2S_RevA_Shutdown
                0x10003a8c       0x28 c:/MaximSDK/Libraries/PeriphDrivers/bin/MAX78000/softfp/libPeriphDriver_softfp.a(i2s_reva.o)
                0x10003a8c                MXC_I2S_RevA_Shutdown
 .text.MXC_I2S_RevA_ConfigData
                0x10003ab4      0x184 c:/MaximSDK/Libraries/PeriphDrivers/bin/MAX78000/softfp/libPeriphDriver_softfp.a(i2s_reva.o)
                0x10003ab4                MXC_I2S_RevA_ConfigData
 .text.MXC_I2S_RevA_TXDisable
                0x10003c38        0xc c:/MaximSDK/Libraries/PeriphDrivers/bin/MAX78000/softfp/libPeriphDriver_softfp.a(i2s_reva.o)
                0x10003c38                MXC_I2S_RevA_TXDisable
 .text.MXC_I2S_RevA_RXEnable
                0x10003c44        0xc c:/MaximSDK/Libraries/PeriphDrivers/bin/MAX78000/softfp/libPeriphDriver_softfp.a(i2s_reva.o)
                0x10003c44                MXC_I2S_RevA_RXEnable
 .text.MXC_I2S_RevA_RXDisable
                0x10003c50        0xc c:/MaximSDK/Libraries/PeriphDrivers/bin/MAX78000/softfp/libPeriphDriver_softfp.a(i2s_reva.o)
                0x10003c50                MXC_I2S_RevA_RXDisable
 .text.MXC_I2S_RevA_SetRXThreshold
                0x10003c5c       0x18 c:/MaximSDK/Libraries/PeriphDrivers/bin/MAX78000/softfp/libPeriphDriver_softfp.a(i2s_reva.o)
                0x10003c5c                MXC_I2S_RevA_SetRXThreshold
 .text.MXC_I2S_RevA_SetFrequency
                0x10003c74       0x2c c:/MaximSDK/Libraries/PeriphDrivers/bin/MAX78000/softfp/libPeriphDriver_softfp.a(i2s_reva.o)
                0x10003c74                MXC_I2S_RevA_SetFrequency
 .text.MXC_I2S_RevA_Flush
                0x10003ca0       0x10 c:/MaximSDK/Libraries/PeriphDrivers/bin/MAX78000/softfp/libPeriphDriver_softfp.a(i2s_reva.o)
                0x10003ca0                MXC_I2S_RevA_Flush
 .text.MXC_I2S_RevA_DisableInt
                0x10003cb0        0xc c:/MaximSDK/Libraries/PeriphDrivers/bin/MAX78000/softfp/libPeriphDriver_softfp.a(i2s_reva.o)
                0x10003cb0                MXC_I2S_RevA_DisableInt
 .text.MXC_ICC_Enable
                0x10003cbc        0x4 c:/MaximSDK/Libraries/PeriphDrivers/bin/MAX78000/softfp/libPeriphDriver_softfp.a(icc_me17.o)
                0x10003cbc                MXC_ICC_Enable
 .text.MXC_ICC_RevA_Enable
                0x10003cc0       0x30 c:/MaximSDK/Libraries/PeriphDrivers/bin/MAX78000/softfp/libPeriphDriver_softfp.a(icc_reva.o)
                0x10003cc0                MXC_ICC_RevA_Enable
 .text.MXC_TMR_Init
                0x10003cf0      0x344 c:/MaximSDK/Libraries/PeriphDrivers/bin/MAX78000/softfp/libPeriphDriver_softfp.a(tmr_ai85.o)
                0x10003cf0                MXC_TMR_Init
 .text.MXC_TMR_Start
                0x10004034        0x4 c:/MaximSDK/Libraries/PeriphDrivers/bin/MAX78000/softfp/libPeriphDriver_softfp.a(tmr_ai85.o)
                0x10004034                MXC_TMR_Start
 .text.MXC_TMR_Stop
                0x10004038        0x4 c:/MaximSDK/Libraries/PeriphDrivers/bin/MAX78000/softfp/libPeriphDriver_softfp.a(tmr_ai85.o)
                0x10004038                MXC_TMR_Stop
 .text.MXC_TMR_ClearFlags
                0x1000403c        0x4 c:/MaximSDK/Libraries/PeriphDrivers/bin/MAX78000/softfp/libPeriphDriver_softfp.a(tmr_ai85.o)
                0x1000403c                MXC_TMR_ClearFlags
 .text.MXC_TMR_SetCount
                0x10004040        0x4 c:/MaximSDK/Libraries/PeriphDrivers/bin/MAX78000/softfp/libPeriphDriver_softfp.a(tmr_ai85.o)
                0x10004040                MXC_TMR_SetCount
 .text.MXC_TMR_TO_Start
                0x10004044        0x4 c:/MaximSDK/Libraries/PeriphDrivers/bin/MAX78000/softfp/libPeriphDriver_softfp.a(tmr_ai85.o)
                0x10004044                MXC_TMR_TO_Start
 .text.MXC_TMR_TO_Stop
                0x10004048        0x4 c:/MaximSDK/Libraries/PeriphDrivers/bin/MAX78000/softfp/libPeriphDriver_softfp.a(tmr_ai85.o)
                0x10004048                MXC_TMR_TO_Stop
 .text.MXC_TMR_TO_Elapsed
                0x1000404c        0x4 c:/MaximSDK/Libraries/PeriphDrivers/bin/MAX78000/softfp/libPeriphDriver_softfp.a(tmr_ai85.o)
                0x1000404c                MXC_TMR_TO_Elapsed
 .text.MXC_TMR_SW_Start
                0x10004050        0x4 c:/MaximSDK/Libraries/PeriphDrivers/bin/MAX78000/softfp/libPeriphDriver_softfp.a(tmr_ai85.o)
                0x10004050                MXC_TMR_SW_Start
 .text.MXC_TMR_SW_Stop
                0x10004054        0x4 c:/MaximSDK/Libraries/PeriphDrivers/bin/MAX78000/softfp/libPeriphDriver_softfp.a(tmr_ai85.o)
                0x10004054                MXC_TMR_SW_Stop
 .text.MXC_TMR_GetTime
                0x10004058        0x4 c:/MaximSDK/Libraries/PeriphDrivers/bin/MAX78000/softfp/libPeriphDriver_softfp.a(tmr_ai85.o)
                0x10004058                MXC_TMR_GetTime
 .text.MXC_TMR_RevB_ConfigGeneric
                0x1000405c       0xe4 c:/MaximSDK/Libraries/PeriphDrivers/bin/MAX78000/softfp/libPeriphDriver_softfp.a(tmr_revb.o)
                0x1000405c                MXC_TMR_RevB_ConfigGeneric
 .text.MXC_TMR_RevB_Init
                0x10004140       0xc4 c:/MaximSDK/Libraries/PeriphDrivers/bin/MAX78000/softfp/libPeriphDriver_softfp.a(tmr_revb.o)
                0x10004140                MXC_TMR_RevB_Init
 .text.MXC_TMR_RevB_Start
                0x10004204       0x5c c:/MaximSDK/Libraries/PeriphDrivers/bin/MAX78000/softfp/libPeriphDriver_softfp.a(tmr_revb.o)
                0x10004204                MXC_TMR_RevB_Start
 .text.MXC_TMR_RevB_Stop
                0x10004260       0x58 c:/MaximSDK/Libraries/PeriphDrivers/bin/MAX78000/softfp/libPeriphDriver_softfp.a(tmr_revb.o)
                0x10004260                MXC_TMR_RevB_Stop
 .text.MXC_TMR_RevB_ClearFlags
                0x100042b8       0x58 c:/MaximSDK/Libraries/PeriphDrivers/bin/MAX78000/softfp/libPeriphDriver_softfp.a(tmr_revb.o)
                0x100042b8                MXC_TMR_RevB_ClearFlags
 .text.MXC_TMR_RevB_SetCount
                0x10004310       0x5c c:/MaximSDK/Libraries/PeriphDrivers/bin/MAX78000/softfp/libPeriphDriver_softfp.a(tmr_revb.o)
                0x10004310                MXC_TMR_RevB_SetCount
 .text.MXC_TMR_RevB_TO_Start
                0x1000436c       0xf8 c:/MaximSDK/Libraries/PeriphDrivers/bin/MAX78000/softfp/libPeriphDriver_softfp.a(tmr_revb.o)
                0x1000436c                MXC_TMR_RevB_TO_Start
 .text.MXC_TMR_RevB_GetTime
                0x10004464      0x15c c:/MaximSDK/Libraries/PeriphDrivers/bin/MAX78000/softfp/libPeriphDriver_softfp.a(tmr_revb.o)
                0x10004464                MXC_TMR_RevB_GetTime
 .text.MXC_UART_GetFrequency.part.0
                0x100045c0       0x64 c:/MaximSDK/Libraries/PeriphDrivers/bin/MAX78000/softfp/libPeriphDriver_softfp.a(uart_ai85.o)
 .text.MXC_UART_Shutdown
                0x10004624       0x70 c:/MaximSDK/Libraries/PeriphDrivers/bin/MAX78000/softfp/libPeriphDriver_softfp.a(uart_ai85.o)
                0x10004624                MXC_UART_Shutdown
 .text.MXC_UART_Init
                0x10004694       0xb8 c:/MaximSDK/Libraries/PeriphDrivers/bin/MAX78000/softfp/libPeriphDriver_softfp.a(uart_ai85.o)
                0x10004694                MXC_UART_Init
 .text.MXC_UART_SetFrequency
                0x1000474c       0xc4 c:/MaximSDK/Libraries/PeriphDrivers/bin/MAX78000/softfp/libPeriphDriver_softfp.a(uart_ai85.o)
                0x1000474c                MXC_UART_SetFrequency
 .text.MXC_UART_GetFrequency
                0x10004810       0x30 c:/MaximSDK/Libraries/PeriphDrivers/bin/MAX78000/softfp/libPeriphDriver_softfp.a(uart_ai85.o)
                0x10004810                MXC_UART_GetFrequency
 .text.MXC_UART_SetDataSize
                0x10004840        0x4 c:/MaximSDK/Libraries/PeriphDrivers/bin/MAX78000/softfp/libPeriphDriver_softfp.a(uart_ai85.o)
                0x10004840                MXC_UART_SetDataSize
 .text.MXC_UART_SetStopBits
                0x10004844        0x4 c:/MaximSDK/Libraries/PeriphDrivers/bin/MAX78000/softfp/libPeriphDriver_softfp.a(uart_ai85.o)
                0x10004844                MXC_UART_SetStopBits
 .text.MXC_UART_SetParity
                0x10004848        0x4 c:/MaximSDK/Libraries/PeriphDrivers/bin/MAX78000/softfp/libPeriphDriver_softfp.a(uart_ai85.o)
                0x10004848                MXC_UART_SetParity
 .text.MXC_UART_ReadCharacterRaw
                0x1000484c        0x4 c:/MaximSDK/Libraries/PeriphDrivers/bin/MAX78000/softfp/libPeriphDriver_softfp.a(uart_ai85.o)
                0x1000484c                MXC_UART_ReadCharacterRaw
 .text.MXC_UART_WriteCharacterRaw
                0x10004850        0x4 c:/MaximSDK/Libraries/PeriphDrivers/bin/MAX78000/softfp/libPeriphDriver_softfp.a(uart_ai85.o)
                0x10004850                MXC_UART_WriteCharacterRaw
 .text.MXC_UART_ReadCharacter
                0x10004854        0x4 c:/MaximSDK/Libraries/PeriphDrivers/bin/MAX78000/softfp/libPeriphDriver_softfp.a(uart_ai85.o)
                0x10004854                MXC_UART_ReadCharacter
 .text.MXC_UART_WriteCharacter
                0x10004858        0x4 c:/MaximSDK/Libraries/PeriphDrivers/bin/MAX78000/softfp/libPeriphDriver_softfp.a(uart_ai85.o)
                0x10004858                MXC_UART_WriteCharacter
 .text.MXC_UART_GetRXFIFOAvailable
                0x1000485c        0x4 c:/MaximSDK/Libraries/PeriphDrivers/bin/MAX78000/softfp/libPeriphDriver_softfp.a(uart_ai85.o)
                0x1000485c                MXC_UART_GetRXFIFOAvailable
 .text.MXC_UART_GetTXFIFOAvailable
                0x10004860        0x4 c:/MaximSDK/Libraries/PeriphDrivers/bin/MAX78000/softfp/libPeriphDriver_softfp.a(uart_ai85.o)
                0x10004860                MXC_UART_GetTXFIFOAvailable
 .text.MXC_UART_SetRXThreshold
                0x10004864        0x4 c:/MaximSDK/Libraries/PeriphDrivers/bin/MAX78000/softfp/libPeriphDriver_softfp.a(uart_ai85.o)
                0x10004864                MXC_UART_SetRXThreshold
 .text.MXC_UART_Common_ReadCharacter
                0x10004868       0x18 c:/MaximSDK/Libraries/PeriphDrivers/bin/MAX78000/softfp/libPeriphDriver_softfp.a(uart_common.o)
                0x10004868                MXC_UART_Common_ReadCharacter
 .text.MXC_UART_Common_WriteCharacter
                0x10004880       0x1c c:/MaximSDK/Libraries/PeriphDrivers/bin/MAX78000/softfp/libPeriphDriver_softfp.a(uart_common.o)
                0x10004880                MXC_UART_Common_WriteCharacter
 .text.MXC_UART_RevB_Init
                0x1000489c       0x70 c:/MaximSDK/Libraries/PeriphDrivers/bin/MAX78000/softfp/libPeriphDriver_softfp.a(uart_revb.o)
                0x1000489c                MXC_UART_RevB_Init
 .text.MXC_UART_RevB_SetFrequency
                0x1000490c       0xc0 c:/MaximSDK/Libraries/PeriphDrivers/bin/MAX78000/softfp/libPeriphDriver_softfp.a(uart_revb.o)
                0x1000490c                MXC_UART_RevB_SetFrequency
 .text.MXC_UART_RevB_GetFrequency
                0x100049cc       0x88 c:/MaximSDK/Libraries/PeriphDrivers/bin/MAX78000/softfp/libPeriphDriver_softfp.a(uart_revb.o)
                0x100049cc                MXC_UART_RevB_GetFrequency
 .text.MXC_UART_RevB_SetDataSize
                0x10004a54       0x40 c:/MaximSDK/Libraries/PeriphDrivers/bin/MAX78000/softfp/libPeriphDriver_softfp.a(uart_revb.o)
                0x10004a54                MXC_UART_RevB_SetDataSize
 .text.MXC_UART_RevB_SetStopBits
                0x10004a94       0x4c c:/MaximSDK/Libraries/PeriphDrivers/bin/MAX78000/softfp/libPeriphDriver_softfp.a(uart_revb.o)
                0x10004a94                MXC_UART_RevB_SetStopBits
 .text.MXC_UART_RevB_SetParity
                0x10004ae0       0x9c c:/MaximSDK/Libraries/PeriphDrivers/bin/MAX78000/softfp/libPeriphDriver_softfp.a(uart_revb.o)
                0x10004ae0                MXC_UART_RevB_SetParity
 .text.MXC_UART_RevB_ReadCharacterRaw
                0x10004b7c       0x38 c:/MaximSDK/Libraries/PeriphDrivers/bin/MAX78000/softfp/libPeriphDriver_softfp.a(uart_revb.o)
                0x10004b7c                MXC_UART_RevB_ReadCharacterRaw
 .text.MXC_UART_RevB_WriteCharacterRaw
                0x10004bb4       0x3c c:/MaximSDK/Libraries/PeriphDrivers/bin/MAX78000/softfp/libPeriphDriver_softfp.a(uart_revb.o)
                0x10004bb4                MXC_UART_RevB_WriteCharacterRaw
 .text.MXC_UART_RevB_GetRXFIFOAvailable
                0x10004bf0        0x8 c:/MaximSDK/Libraries/PeriphDrivers/bin/MAX78000/softfp/libPeriphDriver_softfp.a(uart_revb.o)
                0x10004bf0                MXC_UART_RevB_GetRXFIFOAvailable
 .text.MXC_UART_RevB_GetTXFIFOAvailable
                0x10004bf8        0xc c:/MaximSDK/Libraries/PeriphDrivers/bin/MAX78000/softfp/libPeriphDriver_softfp.a(uart_revb.o)
                0x10004bf8                MXC_UART_RevB_GetTXFIFOAvailable
 .text.MXC_UART_RevB_SetRXThreshold
                0x10004c04       0x3c c:/MaximSDK/Libraries/PeriphDrivers/bin/MAX78000/softfp/libPeriphDriver_softfp.a(uart_revb.o)
                0x10004c04                MXC_UART_RevB_SetRXThreshold
 .text.MXC_WUT_Init
                0x10004c40       0x20 c:/MaximSDK/Libraries/PeriphDrivers/bin/MAX78000/softfp/libPeriphDriver_softfp.a(wut_me17.o)
                0x10004c40                MXC_WUT_Init
 .text.MXC_WUT_Enable
                0x10004c60        0xc c:/MaximSDK/Libraries/PeriphDrivers/bin/MAX78000/softfp/libPeriphDriver_softfp.a(wut_me17.o)
                0x10004c60                MXC_WUT_Enable
 .text.MXC_WUT_Config
                0x10004c6c        0xc c:/MaximSDK/Libraries/PeriphDrivers/bin/MAX78000/softfp/libPeriphDriver_softfp.a(wut_me17.o)
                0x10004c6c                MXC_WUT_Config
 .text.MXC_WUT_IntClear
                0x10004c78        0xc c:/MaximSDK/Libraries/PeriphDrivers/bin/MAX78000/softfp/libPeriphDriver_softfp.a(wut_me17.o)
                0x10004c78                MXC_WUT_IntClear
 .text.MXC_WUT_GetTicks
                0x10004c84       0x20 c:/MaximSDK/Libraries/PeriphDrivers/bin/MAX78000/softfp/libPeriphDriver_softfp.a(wut_me17.o)
                0x10004c84                MXC_WUT_GetTicks
 .text.MXC_WUT_RevA_Init
                0x10004ca4       0x24 c:/MaximSDK/Libraries/PeriphDrivers/bin/MAX78000/softfp/libPeriphDriver_softfp.a(wut_reva.o)
                0x10004ca4                MXC_WUT_RevA_Init
 .text.MXC_WUT_RevA_Enable
                0x10004cc8        0xc c:/MaximSDK/Libraries/PeriphDrivers/bin/MAX78000/softfp/libPeriphDriver_softfp.a(wut_reva.o)
                0x10004cc8                MXC_WUT_RevA_Enable
 .text.MXC_WUT_RevA_Config
                0x10004cd4       0x24 c:/MaximSDK/Libraries/PeriphDrivers/bin/MAX78000/softfp/libPeriphDriver_softfp.a(wut_reva.o)
                0x10004cd4                MXC_WUT_RevA_Config
 .text.MXC_WUT_RevA_IntClear
                0x10004cf8        0x8 c:/MaximSDK/Libraries/PeriphDrivers/bin/MAX78000/softfp/libPeriphDriver_softfp.a(wut_reva.o)
                0x10004cf8                MXC_WUT_RevA_IntClear
 .text.MXC_WUT_RevA_GetTicks
                0x10004d00       0x74 c:/MaximSDK/Libraries/PeriphDrivers/bin/MAX78000/softfp/libPeriphDriver_softfp.a(wut_reva.o)
                0x10004d00                MXC_WUT_RevA_GetTicks
 .text.MXC_GPIO_Common_Init
                0x10004d74       0x3c c:/MaximSDK/Libraries/PeriphDrivers/bin/MAX78000/softfp/libPeriphDriver_softfp.a(gpio_common.o)
                0x10004d74                MXC_GPIO_Common_Init
 .text.MXC_GPIO_Common_Handler
                0x10004db0       0x88 c:/MaximSDK/Libraries/PeriphDrivers/bin/MAX78000/softfp/libPeriphDriver_softfp.a(gpio_common.o)
                0x10004db0                MXC_GPIO_Common_Handler
 .text.MXC_TMR_Common_TO_Stop
                0x10004e38       0x14 c:/MaximSDK/Libraries/PeriphDrivers/bin/MAX78000/softfp/libPeriphDriver_softfp.a(tmr_common.o)
                0x10004e38                MXC_TMR_Common_TO_Stop
 .text.MXC_TMR_Common_SW_Start
                0x10004e4c        0x8 c:/MaximSDK/Libraries/PeriphDrivers/bin/MAX78000/softfp/libPeriphDriver_softfp.a(tmr_common.o)
                0x10004e4c                MXC_TMR_Common_SW_Start
 .text.MXC_TMR_Common_SW_Stop
                0x10004e54       0x14 c:/MaximSDK/Libraries/PeriphDrivers/bin/MAX78000/softfp/libPeriphDriver_softfp.a(tmr_common.o)
                0x10004e54                MXC_TMR_Common_SW_Stop
 .text.MXC_TMR_Common_TO_Elapsed
                0x10004e68       0x58 c:/MaximSDK/Libraries/PeriphDrivers/bin/MAX78000/softfp/libPeriphDriver_softfp.a(tmr_common.o)
                0x10004e68                MXC_TMR_Common_TO_Elapsed
 .text.__errno  0x10004ec0        0xc c:/maximsdk/tools/gnutools/bin/../lib/gcc/arm-none-eabi/9.2.1/../../../../arm-none-eabi/lib/thumb/v7e-m+fp/softfp\libc.a(lib_a-errno.o)
                0x10004ec0                __errno
 .text.__libc_init_array
                0x10004ecc       0x48 c:/maximsdk/tools/gnutools/bin/../lib/gcc/arm-none-eabi/9.2.1/../../../../arm-none-eabi/lib/thumb/v7e-m+fp/softfp\libc.a(lib_a-init.o)
                0x10004ecc                __libc_init_array
 .text._malloc_r
                0x10004f14      0x574 c:/maximsdk/tools/gnutools/bin/../lib/gcc/arm-none-eabi/9.2.1/../../../../arm-none-eabi/lib/thumb/v7e-m+fp/softfp\libc.a(lib_a-mallocr.o)
                0x10004f14                _malloc_r
 .text          0x10005488      0x134 c:/maximsdk/tools/gnutools/bin/../lib/gcc/arm-none-eabi/9.2.1/../../../../arm-none-eabi/lib/thumb/v7e-m+fp/softfp\libc.a(lib_a-memcpy.o)
                0x10005488                memcpy
 .text.memset   0x100055bc       0xa0 c:/maximsdk/tools/gnutools/bin/../lib/gcc/arm-none-eabi/9.2.1/../../../../arm-none-eabi/lib/thumb/v7e-m+fp/softfp\libc.a(lib_a-memset.o)
                0x100055bc                memset
 .text.__malloc_lock
                0x1000565c        0xc c:/maximsdk/tools/gnutools/bin/../lib/gcc/arm-none-eabi/9.2.1/../../../../arm-none-eabi/lib/thumb/v7e-m+fp/softfp\libc.a(lib_a-mlock.o)
                0x1000565c                __malloc_lock
 .text.__malloc_unlock
                0x10005668        0xc c:/maximsdk/tools/gnutools/bin/../lib/gcc/arm-none-eabi/9.2.1/../../../../arm-none-eabi/lib/thumb/v7e-m+fp/softfp\libc.a(lib_a-mlock.o)
                0x10005668                __malloc_unlock
 .text.printf   0x10005674       0x28 c:/maximsdk/tools/gnutools/bin/../lib/gcc/arm-none-eabi/9.2.1/../../../../arm-none-eabi/lib/thumb/v7e-m+fp/softfp\libc.a(lib_a-printf.o)
                0x10005674                printf
 .text._puts_r  0x1000569c       0x9c c:/maximsdk/tools/gnutools/bin/../lib/gcc/arm-none-eabi/9.2.1/../../../../arm-none-eabi/lib/thumb/v7e-m+fp/softfp\libc.a(lib_a-puts.o)
                0x1000569c                _puts_r
 .text.puts     0x10005738       0x10 c:/maximsdk/tools/gnutools/bin/../lib/gcc/arm-none-eabi/9.2.1/../../../../arm-none-eabi/lib/thumb/v7e-m+fp/softfp\libc.a(lib_a-puts.o)
                0x10005738                puts
 .text._sbrk_r  0x10005748       0x24 c:/maximsdk/tools/gnutools/bin/../lib/gcc/arm-none-eabi/9.2.1/../../../../arm-none-eabi/lib/thumb/v7e-m+fp/softfp\libc.a(lib_a-sbrkr.o)
                0x10005748                _sbrk_r
 *fill*         0x1000576c       0x14 
 .text          0x10005780       0xdc c:/maximsdk/tools/gnutools/bin/../lib/gcc/arm-none-eabi/9.2.1/../../../../arm-none-eabi/lib/thumb/v7e-m+fp/softfp\libc.a(lib_a-strlen.o)
                0x10005780                strlen
 *fill*         0x1000585c        0x4 
 .text._vfprintf_r
                0x10005860     0x1bdc c:/maximsdk/tools/gnutools/bin/../lib/gcc/arm-none-eabi/9.2.1/../../../../arm-none-eabi/lib/thumb/v7e-m+fp/softfp\libc.a(lib_a-vfprintf.o)
                0x10005860                _vfprintf_r
 .text.__sbprintf
                0x1000743c       0x84 c:/maximsdk/tools/gnutools/bin/../lib/gcc/arm-none-eabi/9.2.1/../../../../arm-none-eabi/lib/thumb/v7e-m+fp/softfp\libc.a(lib_a-vfprintf.o)
 .text.__swsetup_r
                0x100074c0       0xd0 c:/maximsdk/tools/gnutools/bin/../lib/gcc/arm-none-eabi/9.2.1/../../../../arm-none-eabi/lib/thumb/v7e-m+fp/softfp\libc.a(lib_a-wsetup.o)
                0x100074c0                __swsetup_r
 .text.startup.register_fini
                0x10007590       0x14 c:/maximsdk/tools/gnutools/bin/../lib/gcc/arm-none-eabi/9.2.1/../../../../arm-none-eabi/lib/thumb/v7e-m+fp/softfp\libc.a(lib_a-__call_atexit.o)
 .text.atexit   0x100075a4        0xc c:/maximsdk/tools/gnutools/bin/../lib/gcc/arm-none-eabi/9.2.1/../../../../arm-none-eabi/lib/thumb/v7e-m+fp/softfp\libc.a(lib_a-atexit.o)
                0x100075a4                atexit
 .text.quorem   0x100075b0      0x11c c:/maximsdk/tools/gnutools/bin/../lib/gcc/arm-none-eabi/9.2.1/../../../../arm-none-eabi/lib/thumb/v7e-m+fp/softfp\libc.a(lib_a-dtoa.o)
 *fill*         0x100076cc        0x4 
 .text._dtoa_r  0x100076d0      0xeec c:/maximsdk/tools/gnutools/bin/../lib/gcc/arm-none-eabi/9.2.1/../../../../arm-none-eabi/lib/thumb/v7e-m+fp/softfp\libc.a(lib_a-dtoa.o)
                0x100076d0                _dtoa_r
 .text.__sflush_r
                0x100085bc      0x130 c:/maximsdk/tools/gnutools/bin/../lib/gcc/arm-none-eabi/9.2.1/../../../../arm-none-eabi/lib/thumb/v7e-m+fp/softfp\libc.a(lib_a-fflush.o)
                0x100085bc                __sflush_r
 .text._fflush_r
                0x100086ec       0x5c c:/maximsdk/tools/gnutools/bin/../lib/gcc/arm-none-eabi/9.2.1/../../../../arm-none-eabi/lib/thumb/v7e-m+fp/softfp\libc.a(lib_a-fflush.o)
                0x100086ec                _fflush_r
 .text.std      0x10008748       0x50 c:/maximsdk/tools/gnutools/bin/../lib/gcc/arm-none-eabi/9.2.1/../../../../arm-none-eabi/lib/thumb/v7e-m+fp/softfp\libc.a(lib_a-findfp.o)
 .text._cleanup_r
                0x10008798        0xc c:/maximsdk/tools/gnutools/bin/../lib/gcc/arm-none-eabi/9.2.1/../../../../arm-none-eabi/lib/thumb/v7e-m+fp/softfp\libc.a(lib_a-findfp.o)
                0x10008798                _cleanup_r
 .text.__sinit  0x100087a4       0x54 c:/maximsdk/tools/gnutools/bin/../lib/gcc/arm-none-eabi/9.2.1/../../../../arm-none-eabi/lib/thumb/v7e-m+fp/softfp\libc.a(lib_a-findfp.o)
                0x100087a4                __sinit
 .text.__sfp_lock_acquire
                0x100087f8        0xc c:/maximsdk/tools/gnutools/bin/../lib/gcc/arm-none-eabi/9.2.1/../../../../arm-none-eabi/lib/thumb/v7e-m+fp/softfp\libc.a(lib_a-findfp.o)
                0x100087f8                __sfp_lock_acquire
 .text.__sfp_lock_release
                0x10008804        0xc c:/maximsdk/tools/gnutools/bin/../lib/gcc/arm-none-eabi/9.2.1/../../../../arm-none-eabi/lib/thumb/v7e-m+fp/softfp\libc.a(lib_a-findfp.o)
                0x10008804                __sfp_lock_release
 .text.__libc_fini_array
                0x10008810       0x2c c:/maximsdk/tools/gnutools/bin/../lib/gcc/arm-none-eabi/9.2.1/../../../../arm-none-eabi/lib/thumb/v7e-m+fp/softfp\libc.a(lib_a-fini.o)
                0x10008810                __libc_fini_array
 .text._malloc_trim_r
                0x1000883c       0xa0 c:/maximsdk/tools/gnutools/bin/../lib/gcc/arm-none-eabi/9.2.1/../../../../arm-none-eabi/lib/thumb/v7e-m+fp/softfp\libc.a(lib_a-freer.o)
                0x1000883c                _malloc_trim_r
 .text._free_r  0x100088dc      0x208 c:/maximsdk/tools/gnutools/bin/../lib/gcc/arm-none-eabi/9.2.1/../../../../arm-none-eabi/lib/thumb/v7e-m+fp/softfp\libc.a(lib_a-freer.o)
                0x100088dc                _free_r
 .text.__sfvwrite_r
                0x10008ae4      0x2e0 c:/maximsdk/tools/gnutools/bin/../lib/gcc/arm-none-eabi/9.2.1/../../../../arm-none-eabi/lib/thumb/v7e-m+fp/softfp\libc.a(lib_a-fvwrite.o)
                0x10008ae4                __sfvwrite_r
 .text._fwalk_reent
                0x10008dc4       0x48 c:/maximsdk/tools/gnutools/bin/../lib/gcc/arm-none-eabi/9.2.1/../../../../arm-none-eabi/lib/thumb/v7e-m+fp/softfp\libc.a(lib_a-fwalk.o)
                0x10008dc4                _fwalk_reent
 .text._localeconv_r
                0x10008e0c        0x8 c:/maximsdk/tools/gnutools/bin/../lib/gcc/arm-none-eabi/9.2.1/../../../../arm-none-eabi/lib/thumb/v7e-m+fp/softfp\libc.a(lib_a-localeconv.o)
                0x10008e0c                _localeconv_r
 .text.__retarget_lock_init_recursive
                0x10008e14        0x4 c:/maximsdk/tools/gnutools/bin/../lib/gcc/arm-none-eabi/9.2.1/../../../../arm-none-eabi/lib/thumb/v7e-m+fp/softfp\libc.a(lib_a-lock.o)
                0x10008e14                __retarget_lock_init_recursive
 .text.__retarget_lock_close_recursive
                0x10008e18        0x4 c:/maximsdk/tools/gnutools/bin/../lib/gcc/arm-none-eabi/9.2.1/../../../../arm-none-eabi/lib/thumb/v7e-m+fp/softfp\libc.a(lib_a-lock.o)
                0x10008e18                __retarget_lock_close_recursive
 .text.__retarget_lock_acquire_recursive
                0x10008e1c        0x4 c:/maximsdk/tools/gnutools/bin/../lib/gcc/arm-none-eabi/9.2.1/../../../../arm-none-eabi/lib/thumb/v7e-m+fp/softfp\libc.a(lib_a-lock.o)
                0x10008e1c                __retarget_lock_acquire_recursive
 .text.__retarget_lock_release_recursive
                0x10008e20        0x4 c:/maximsdk/tools/gnutools/bin/../lib/gcc/arm-none-eabi/9.2.1/../../../../arm-none-eabi/lib/thumb/v7e-m+fp/softfp\libc.a(lib_a-lock.o)
                0x10008e20                __retarget_lock_release_recursive
 .text.__swhatbuf_r
                0x10008e24       0x5c c:/maximsdk/tools/gnutools/bin/../lib/gcc/arm-none-eabi/9.2.1/../../../../arm-none-eabi/lib/thumb/v7e-m+fp/softfp\libc.a(lib_a-makebuf.o)
                0x10008e24                __swhatbuf_r
 .text.__smakebuf_r
                0x10008e80       0x98 c:/maximsdk/tools/gnutools/bin/../lib/gcc/arm-none-eabi/9.2.1/../../../../arm-none-eabi/lib/thumb/v7e-m+fp/softfp\libc.a(lib_a-makebuf.o)
                0x10008e80                __smakebuf_r
 *fill*         0x10008f18        0x8 
 .text          0x10008f20       0xa0 c:/maximsdk/tools/gnutools/bin/../lib/gcc/arm-none-eabi/9.2.1/../../../../arm-none-eabi/lib/thumb/v7e-m+fp/softfp\libc.a(lib_a-memchr.o)
                0x10008f20                memchr
 .text.memmove  0x10008fc0       0xd8 c:/maximsdk/tools/gnutools/bin/../lib/gcc/arm-none-eabi/9.2.1/../../../../arm-none-eabi/lib/thumb/v7e-m+fp/softfp\libc.a(lib_a-memmove.o)
                0x10008fc0                memmove
 .text._Balloc  0x10009098       0x4c c:/maximsdk/tools/gnutools/bin/../lib/gcc/arm-none-eabi/9.2.1/../../../../arm-none-eabi/lib/thumb/v7e-m+fp/softfp\libc.a(lib_a-mprec.o)
                0x10009098                _Balloc
 .text._Bfree   0x100090e4       0x14 c:/maximsdk/tools/gnutools/bin/../lib/gcc/arm-none-eabi/9.2.1/../../../../arm-none-eabi/lib/thumb/v7e-m+fp/softfp\libc.a(lib_a-mprec.o)
                0x100090e4                _Bfree
 .text.__multadd
                0x100090f8       0x8c c:/maximsdk/tools/gnutools/bin/../lib/gcc/arm-none-eabi/9.2.1/../../../../arm-none-eabi/lib/thumb/v7e-m+fp/softfp\libc.a(lib_a-mprec.o)
                0x100090f8                __multadd
 .text.__hi0bits
                0x10009184       0x40 c:/maximsdk/tools/gnutools/bin/../lib/gcc/arm-none-eabi/9.2.1/../../../../arm-none-eabi/lib/thumb/v7e-m+fp/softfp\libc.a(lib_a-mprec.o)
                0x10009184                __hi0bits
 .text.__lo0bits
                0x100091c4       0x60 c:/maximsdk/tools/gnutools/bin/../lib/gcc/arm-none-eabi/9.2.1/../../../../arm-none-eabi/lib/thumb/v7e-m+fp/softfp\libc.a(lib_a-mprec.o)
                0x100091c4                __lo0bits
 .text.__i2b    0x10009224       0x14 c:/maximsdk/tools/gnutools/bin/../lib/gcc/arm-none-eabi/9.2.1/../../../../arm-none-eabi/lib/thumb/v7e-m+fp/softfp\libc.a(lib_a-mprec.o)
                0x10009224                __i2b
 .text.__multiply
                0x10009238      0x144 c:/maximsdk/tools/gnutools/bin/../lib/gcc/arm-none-eabi/9.2.1/../../../../arm-none-eabi/lib/thumb/v7e-m+fp/softfp\libc.a(lib_a-mprec.o)
                0x10009238                __multiply
 .text.__pow5mult
                0x1000937c       0xa0 c:/maximsdk/tools/gnutools/bin/../lib/gcc/arm-none-eabi/9.2.1/../../../../arm-none-eabi/lib/thumb/v7e-m+fp/softfp\libc.a(lib_a-mprec.o)
                0x1000937c                __pow5mult
 .text.__lshift
                0x1000941c       0xd4 c:/maximsdk/tools/gnutools/bin/../lib/gcc/arm-none-eabi/9.2.1/../../../../arm-none-eabi/lib/thumb/v7e-m+fp/softfp\libc.a(lib_a-mprec.o)
                0x1000941c                __lshift
 .text.__mcmp   0x100094f0       0x3c c:/maximsdk/tools/gnutools/bin/../lib/gcc/arm-none-eabi/9.2.1/../../../../arm-none-eabi/lib/thumb/v7e-m+fp/softfp\libc.a(lib_a-mprec.o)
                0x100094f0                __mcmp
 .text.__mdiff  0x1000952c      0x138 c:/maximsdk/tools/gnutools/bin/../lib/gcc/arm-none-eabi/9.2.1/../../../../arm-none-eabi/lib/thumb/v7e-m+fp/softfp\libc.a(lib_a-mprec.o)
                0x1000952c                __mdiff
 .text.__d2b    0x10009664       0xbc c:/maximsdk/tools/gnutools/bin/../lib/gcc/arm-none-eabi/9.2.1/../../../../arm-none-eabi/lib/thumb/v7e-m+fp/softfp\libc.a(lib_a-mprec.o)
                0x10009664                __d2b
 .text._realloc_r
                0x10009720      0x3e0 c:/maximsdk/tools/gnutools/bin/../lib/gcc/arm-none-eabi/9.2.1/../../../../arm-none-eabi/lib/thumb/v7e-m+fp/softfp\libc.a(lib_a-reallocr.o)
                0x10009720                _realloc_r
 .text.frexp    0x10009b00       0x70 c:/maximsdk/tools/gnutools/bin/../lib/gcc/arm-none-eabi/9.2.1/../../../../arm-none-eabi/lib/thumb/v7e-m+fp/softfp\libc.a(lib_a-s_frexp.o)
                0x10009b00                frexp
 .text.__sread  0x10009b70       0x24 c:/maximsdk/tools/gnutools/bin/../lib/gcc/arm-none-eabi/9.2.1/../../../../arm-none-eabi/lib/thumb/v7e-m+fp/softfp\libc.a(lib_a-stdio.o)
                0x10009b70                __sread
 .text.__swrite
                0x10009b94       0x40 c:/maximsdk/tools/gnutools/bin/../lib/gcc/arm-none-eabi/9.2.1/../../../../arm-none-eabi/lib/thumb/v7e-m+fp/softfp\libc.a(lib_a-stdio.o)
                0x10009b94                __swrite
 .text.__sseek  0x10009bd4       0x20 c:/maximsdk/tools/gnutools/bin/../lib/gcc/arm-none-eabi/9.2.1/../../../../arm-none-eabi/lib/thumb/v7e-m+fp/softfp\libc.a(lib_a-stdio.o)
                0x10009bd4                __sseek
 .text.__sclose
                0x10009bf4        0x8 c:/maximsdk/tools/gnutools/bin/../lib/gcc/arm-none-eabi/9.2.1/../../../../arm-none-eabi/lib/thumb/v7e-m+fp/softfp\libc.a(lib_a-stdio.o)
                0x10009bf4                __sclose
 .text.strncpy  0x10009bfc       0x68 c:/maximsdk/tools/gnutools/bin/../lib/gcc/arm-none-eabi/9.2.1/../../../../arm-none-eabi/lib/thumb/v7e-m+fp/softfp\libc.a(lib_a-strncpy.o)
                0x10009bfc                strncpy
 .text.__sprint_r.part.0
                0x10009c64       0x78 c:/maximsdk/tools/gnutools/bin/../lib/gcc/arm-none-eabi/9.2.1/../../../../arm-none-eabi/lib/thumb/v7e-m+fp/softfp\libc.a(lib_a-vfiprintf.o)
 .text.__sprint_r
                0x10009cdc       0x18 c:/maximsdk/tools/gnutools/bin/../lib/gcc/arm-none-eabi/9.2.1/../../../../arm-none-eabi/lib/thumb/v7e-m+fp/softfp\libc.a(lib_a-vfiprintf.o)
                0x10009cdc                __sprint_r
 .text._write_r
                0x10009cf4       0x2c c:/maximsdk/tools/gnutools/bin/../lib/gcc/arm-none-eabi/9.2.1/../../../../arm-none-eabi/lib/thumb/v7e-m+fp/softfp\libc.a(lib_a-writer.o)
                0x10009cf4                _write_r
 .text.__register_exitproc
                0x10009d20       0x8c c:/maximsdk/tools/gnutools/bin/../lib/gcc/arm-none-eabi/9.2.1/../../../../arm-none-eabi/lib/thumb/v7e-m+fp/softfp\libc.a(lib_a-__atexit.o)
                0x10009d20                __register_exitproc
 .text._calloc_r
                0x10009dac       0x60 c:/maximsdk/tools/gnutools/bin/../lib/gcc/arm-none-eabi/9.2.1/../../../../arm-none-eabi/lib/thumb/v7e-m+fp/softfp\libc.a(lib_a-callocr.o)
                0x10009dac                _calloc_r
 .text._close_r
                0x10009e0c       0x24 c:/maximsdk/tools/gnutools/bin/../lib/gcc/arm-none-eabi/9.2.1/../../../../arm-none-eabi/lib/thumb/v7e-m+fp/softfp\libc.a(lib_a-closer.o)
                0x10009e0c                _close_r
 .text._fclose_r
                0x10009e30       0xcc c:/maximsdk/tools/gnutools/bin/../lib/gcc/arm-none-eabi/9.2.1/../../../../arm-none-eabi/lib/thumb/v7e-m+fp/softfp\libc.a(lib_a-fclose.o)
                0x10009e30                _fclose_r
 .text.__fputwc
                0x10009efc       0xa8 c:/maximsdk/tools/gnutools/bin/../lib/gcc/arm-none-eabi/9.2.1/../../../../arm-none-eabi/lib/thumb/v7e-m+fp/softfp\libc.a(lib_a-fputwc.o)
                0x10009efc                __fputwc
 .text._fputwc_r
                0x10009fa4       0x68 c:/maximsdk/tools/gnutools/bin/../lib/gcc/arm-none-eabi/9.2.1/../../../../arm-none-eabi/lib/thumb/v7e-m+fp/softfp\libc.a(lib_a-fputwc.o)
                0x10009fa4                _fputwc_r
 .text._fstat_r
                0x1000a00c       0x2c c:/maximsdk/tools/gnutools/bin/../lib/gcc/arm-none-eabi/9.2.1/../../../../arm-none-eabi/lib/thumb/v7e-m+fp/softfp\libc.a(lib_a-fstatr.o)
                0x1000a00c                _fstat_r
 .text._isatty_r
                0x1000a038       0x24 c:/maximsdk/tools/gnutools/bin/../lib/gcc/arm-none-eabi/9.2.1/../../../../arm-none-eabi/lib/thumb/v7e-m+fp/softfp\libc.a(lib_a-isattyr.o)
                0x1000a038                _isatty_r
 .text.__locale_mb_cur_max
                0x1000a05c        0xc c:/maximsdk/tools/gnutools/bin/../lib/gcc/arm-none-eabi/9.2.1/../../../../arm-none-eabi/lib/thumb/v7e-m+fp/softfp\libc.a(lib_a-locale.o)
                0x1000a05c                __locale_mb_cur_max
 .text._lseek_r
                0x1000a068       0x2c c:/maximsdk/tools/gnutools/bin/../lib/gcc/arm-none-eabi/9.2.1/../../../../arm-none-eabi/lib/thumb/v7e-m+fp/softfp\libc.a(lib_a-lseekr.o)
                0x1000a068                _lseek_r
 .text.__ascii_mbtowc
                0x1000a094       0x2c c:/maximsdk/tools/gnutools/bin/../lib/gcc/arm-none-eabi/9.2.1/../../../../arm-none-eabi/lib/thumb/v7e-m+fp/softfp\libc.a(lib_a-mbtowc_r.o)
                0x1000a094                __ascii_mbtowc
 .text._read_r  0x1000a0c0       0x2c c:/maximsdk/tools/gnutools/bin/../lib/gcc/arm-none-eabi/9.2.1/../../../../arm-none-eabi/lib/thumb/v7e-m+fp/softfp\libc.a(lib_a-readr.o)
                0x1000a0c0                _read_r
 .text.__swbuf_r
                0x1000a0ec       0xb0 c:/maximsdk/tools/gnutools/bin/../lib/gcc/arm-none-eabi/9.2.1/../../../../arm-none-eabi/lib/thumb/v7e-m+fp/softfp\libc.a(lib_a-wbuf.o)
                0x1000a0ec                __swbuf_r
 .text._wcrtomb_r
                0x1000a19c       0x3c c:/maximsdk/tools/gnutools/bin/../lib/gcc/arm-none-eabi/9.2.1/../../../../arm-none-eabi/lib/thumb/v7e-m+fp/softfp\libc.a(lib_a-wcrtomb.o)
                0x1000a19c                _wcrtomb_r
 .text.__ascii_wctomb
                0x1000a1d8       0x1c c:/maximsdk/tools/gnutools/bin/../lib/gcc/arm-none-eabi/9.2.1/../../../../arm-none-eabi/lib/thumb/v7e-m+fp/softfp\libc.a(lib_a-wctomb_r.o)
                0x1000a1d8                __ascii_wctomb
 .text          0x1000a1f4      0x378 c:/maximsdk/tools/gnutools/bin/../lib/gcc/arm-none-eabi/9.2.1/thumb/v7e-m+fp/softfp\libgcc.a(_arm_addsubdf3.o)
                0x1000a1f4                __aeabi_drsub
                0x1000a1fc                __aeabi_dsub
                0x1000a1fc                __subdf3
                0x1000a200                __aeabi_dadd
                0x1000a200                __adddf3
                0x1000a478                __floatunsidf
                0x1000a478                __aeabi_ui2d
                0x1000a498                __floatsidf
                0x1000a498                __aeabi_i2d
                0x1000a4bc                __aeabi_f2d
                0x1000a4bc                __extendsfdf2
                0x1000a500                __floatundidf
                0x1000a500                __aeabi_ul2d
                0x1000a510                __floatdidf
                0x1000a510                __aeabi_l2d
 .text          0x1000a56c      0x424 c:/maximsdk/tools/gnutools/bin/../lib/gcc/arm-none-eabi/9.2.1/thumb/v7e-m+fp/softfp\libgcc.a(_arm_muldivdf3.o)
                0x1000a56c                __aeabi_dmul
                0x1000a56c                __muldf3
                0x1000a7c0                __divdf3
                0x1000a7c0                __aeabi_ddiv
 .text          0x1000a990      0x110 c:/maximsdk/tools/gnutools/bin/../lib/gcc/arm-none-eabi/9.2.1/thumb/v7e-m+fp/softfp\libgcc.a(_arm_cmpdf2.o)
                0x1000a990                __gtdf2
                0x1000a990                __gedf2
                0x1000a998                __ltdf2
                0x1000a998                __ledf2
                0x1000a9a0                __nedf2
                0x1000a9a0                __eqdf2
                0x1000a9a0                __cmpdf2
                0x1000aa1c                __aeabi_cdrcmple
                0x1000aa2c                __aeabi_cdcmpeq
                0x1000aa2c                __aeabi_cdcmple
                0x1000aa3c                __aeabi_dcmpeq
                0x1000aa50                __aeabi_dcmplt
                0x1000aa64                __aeabi_dcmple
                0x1000aa78                __aeabi_dcmpge
                0x1000aa8c                __aeabi_dcmpgt
 .text          0x1000aaa0       0x2c c:/maximsdk/tools/gnutools/bin/../lib/gcc/arm-none-eabi/9.2.1/thumb/v7e-m+fp/softfp\libgcc.a(_arm_unorddf2.o)
                0x1000aaa0                __unorddf2
                0x1000aaa0                __aeabi_dcmpun
 .text          0x1000aacc       0x50 c:/maximsdk/tools/gnutools/bin/../lib/gcc/arm-none-eabi/9.2.1/thumb/v7e-m+fp/softfp\libgcc.a(_arm_fixdfsi.o)
                0x1000aacc                __aeabi_d2iz
                0x1000aacc                __fixdfsi
 .text          0x1000ab1c       0xa0 c:/maximsdk/tools/gnutools/bin/../lib/gcc/arm-none-eabi/9.2.1/thumb/v7e-m+fp/softfp\libgcc.a(_aeabi_ldivmod.o)
                0x1000ab1c                __aeabi_ldivmod
 .text          0x1000abbc       0x30 c:/maximsdk/tools/gnutools/bin/../lib/gcc/arm-none-eabi/9.2.1/thumb/v7e-m+fp/softfp\libgcc.a(_aeabi_uldivmod.o)
                0x1000abbc                __aeabi_uldivmod
 .text          0x1000abec      0x2c4 c:/maximsdk/tools/gnutools/bin/../lib/gcc/arm-none-eabi/9.2.1/thumb/v7e-m+fp/softfp\libgcc.a(_udivmoddi4.o)
                0x1000abec                __udivmoddi4
 .text          0x1000aeb0        0x4 c:/maximsdk/tools/gnutools/bin/../lib/gcc/arm-none-eabi/9.2.1/thumb/v7e-m+fp/softfp\libgcc.a(_dvmd_tls.o)
                0x1000aeb0                __aeabi_idiv0
                0x1000aeb0                __aeabi_ldiv0
 *(.rodata*)
 .rodata.I2SInit.str1.4
                0x1000aeb4       0x30 c:/Users/Mohan_Prabhakar/Desktop/Test1/kws20_demo/build/main.o
 .rodata.check_inference.str1.4
                0x1000aee4       0x15 c:/Users/Mohan_Prabhakar/Desktop/Test1/kws20_demo/build/main.o
 *fill*         0x1000aef9        0x3 
 .rodata.fail.str1.4
                0x1000aefc        0xf c:/Users/Mohan_Prabhakar/Desktop/Test1/kws20_demo/build/main.o
 *fill*         0x1000af0b        0x1 
 .rodata.AddTranspose.str1.4
                0x1000af0c       0x14 c:/Users/Mohan_Prabhakar/Desktop/Test1/kws20_demo/build/main.o
 .rodata.main.str1.4
                0x1000af20      0x280 c:/Users/Mohan_Prabhakar/Desktop/Test1/kws20_demo/build/main.o
 .rodata.keywords
                0x1000b1a0       0xd2 c:/Users/Mohan_Prabhakar/Desktop/Test1/kws20_demo/build/main.o
                0x1000b1a0                keywords
 *fill*         0x1000b272        0x2 
 .rodata.kernels_0
                0x1000b274     0x1384 c:/Users/Mohan_Prabhakar/Desktop/Test1/kws20_demo/build/cnn.o
 .rodata.kernels_1
                0x1000c5f8     0x1384 c:/Users/Mohan_Prabhakar/Desktop/Test1/kws20_demo/build/cnn.o
 .rodata.kernels_10
                0x1000d97c      0x900 c:/Users/Mohan_Prabhakar/Desktop/Test1/kws20_demo/build/cnn.o
 .rodata.kernels_11
                0x1000e27c      0x900 c:/Users/Mohan_Prabhakar/Desktop/Test1/kws20_demo/build/cnn.o
 .rodata.kernels_12
                0x1000eb7c      0x900 c:/Users/Mohan_Prabhakar/Desktop/Test1/kws20_demo/build/cnn.o
 .rodata.kernels_13
                0x1000f47c      0x900 c:/Users/Mohan_Prabhakar/Desktop/Test1/kws20_demo/build/cnn.o
 .rodata.kernels_14
                0x1000fd7c      0x900 c:/Users/Mohan_Prabhakar/Desktop/Test1/kws20_demo/build/cnn.o
 .rodata.kernels_15
                0x1001067c      0x900 c:/Users/Mohan_Prabhakar/Desktop/Test1/kws20_demo/build/cnn.o
 .rodata.kernels_16
                0x10010f7c      0x900 c:/Users/Mohan_Prabhakar/Desktop/Test1/kws20_demo/build/cnn.o
 .rodata.kernels_17
                0x1001187c      0x900 c:/Users/Mohan_Prabhakar/Desktop/Test1/kws20_demo/build/cnn.o
 .rodata.kernels_18
                0x1001217c      0x900 c:/Users/Mohan_Prabhakar/Desktop/Test1/kws20_demo/build/cnn.o
 .rodata.kernels_19
                0x10012a7c      0x900 c:/Users/Mohan_Prabhakar/Desktop/Test1/kws20_demo/build/cnn.o
 .rodata.kernels_2
                0x1001337c     0x1384 c:/Users/Mohan_Prabhakar/Desktop/Test1/kws20_demo/build/cnn.o
 .rodata.kernels_20
                0x10014700      0x900 c:/Users/Mohan_Prabhakar/Desktop/Test1/kws20_demo/build/cnn.o
 .rodata.kernels_21
                0x10015000      0x900 c:/Users/Mohan_Prabhakar/Desktop/Test1/kws20_demo/build/cnn.o
 .rodata.kernels_22
                0x10015900      0x900 c:/Users/Mohan_Prabhakar/Desktop/Test1/kws20_demo/build/cnn.o
 .rodata.kernels_23
                0x10016200      0x900 c:/Users/Mohan_Prabhakar/Desktop/Test1/kws20_demo/build/cnn.o
 .rodata.kernels_24
                0x10016b00      0x900 c:/Users/Mohan_Prabhakar/Desktop/Test1/kws20_demo/build/cnn.o
 .rodata.kernels_25
                0x10017400      0x900 c:/Users/Mohan_Prabhakar/Desktop/Test1/kws20_demo/build/cnn.o
 .rodata.kernels_26
                0x10017d00      0x900 c:/Users/Mohan_Prabhakar/Desktop/Test1/kws20_demo/build/cnn.o
 .rodata.kernels_27
                0x10018600      0x900 c:/Users/Mohan_Prabhakar/Desktop/Test1/kws20_demo/build/cnn.o
 .rodata.kernels_28
                0x10018f00      0x900 c:/Users/Mohan_Prabhakar/Desktop/Test1/kws20_demo/build/cnn.o
 .rodata.kernels_29
                0x10019800      0x900 c:/Users/Mohan_Prabhakar/Desktop/Test1/kws20_demo/build/cnn.o
 .rodata.kernels_3
                0x1001a100     0x1384 c:/Users/Mohan_Prabhakar/Desktop/Test1/kws20_demo/build/cnn.o
 .rodata.kernels_30
                0x1001b484      0x900 c:/Users/Mohan_Prabhakar/Desktop/Test1/kws20_demo/build/cnn.o
 .rodata.kernels_31
                0x1001bd84      0x900 c:/Users/Mohan_Prabhakar/Desktop/Test1/kws20_demo/build/cnn.o
 .rodata.kernels_32
                0x1001c684      0x900 c:/Users/Mohan_Prabhakar/Desktop/Test1/kws20_demo/build/cnn.o
 .rodata.kernels_33
                0x1001cf84      0x900 c:/Users/Mohan_Prabhakar/Desktop/Test1/kws20_demo/build/cnn.o
 .rodata.kernels_34
                0x1001d884      0x940 c:/Users/Mohan_Prabhakar/Desktop/Test1/kws20_demo/build/cnn.o
 .rodata.kernels_35
                0x1001e1c4      0x940 c:/Users/Mohan_Prabhakar/Desktop/Test1/kws20_demo/build/cnn.o
 .rodata.kernels_36
                0x1001eb04      0x940 c:/Users/Mohan_Prabhakar/Desktop/Test1/kws20_demo/build/cnn.o
 .rodata.kernels_37
                0x1001f444      0x940 c:/Users/Mohan_Prabhakar/Desktop/Test1/kws20_demo/build/cnn.o
 .rodata.kernels_38
                0x1001fd84      0x940 c:/Users/Mohan_Prabhakar/Desktop/Test1/kws20_demo/build/cnn.o
 .rodata.kernels_39
                0x100206c4      0x940 c:/Users/Mohan_Prabhakar/Desktop/Test1/kws20_demo/build/cnn.o
 .rodata.kernels_4
                0x10021004     0x1384 c:/Users/Mohan_Prabhakar/Desktop/Test1/kws20_demo/build/cnn.o
 .rodata.kernels_40
                0x10022388      0x940 c:/Users/Mohan_Prabhakar/Desktop/Test1/kws20_demo/build/cnn.o
 .rodata.kernels_41
                0x10022cc8      0x940 c:/Users/Mohan_Prabhakar/Desktop/Test1/kws20_demo/build/cnn.o
 .rodata.kernels_42
                0x10023608      0x940 c:/Users/Mohan_Prabhakar/Desktop/Test1/kws20_demo/build/cnn.o
 .rodata.kernels_43
                0x10023f48      0x940 c:/Users/Mohan_Prabhakar/Desktop/Test1/kws20_demo/build/cnn.o
 .rodata.kernels_44
                0x10024888      0x940 c:/Users/Mohan_Prabhakar/Desktop/Test1/kws20_demo/build/cnn.o
 .rodata.kernels_45
                0x100251c8      0x940 c:/Users/Mohan_Prabhakar/Desktop/Test1/kws20_demo/build/cnn.o
 .rodata.kernels_46
                0x10025b08      0x940 c:/Users/Mohan_Prabhakar/Desktop/Test1/kws20_demo/build/cnn.o
 .rodata.kernels_47
                0x10026448      0x940 c:/Users/Mohan_Prabhakar/Desktop/Test1/kws20_demo/build/cnn.o
 .rodata.kernels_48
                0x10026d88      0x940 c:/Users/Mohan_Prabhakar/Desktop/Test1/kws20_demo/build/cnn.o
 .rodata.kernels_49
                0x100276c8      0x940 c:/Users/Mohan_Prabhakar/Desktop/Test1/kws20_demo/build/cnn.o
 .rodata.kernels_5
                0x10028008     0x1384 c:/Users/Mohan_Prabhakar/Desktop/Test1/kws20_demo/build/cnn.o
 .rodata.kernels_50
                0x1002938c      0x940 c:/Users/Mohan_Prabhakar/Desktop/Test1/kws20_demo/build/cnn.o
 .rodata.kernels_51
                0x10029ccc      0x940 c:/Users/Mohan_Prabhakar/Desktop/Test1/kws20_demo/build/cnn.o
 .rodata.kernels_52
                0x1002a60c      0x940 c:/Users/Mohan_Prabhakar/Desktop/Test1/kws20_demo/build/cnn.o
 .rodata.kernels_53
                0x1002af4c      0x940 c:/Users/Mohan_Prabhakar/Desktop/Test1/kws20_demo/build/cnn.o
 .rodata.kernels_54
                0x1002b88c      0x940 c:/Users/Mohan_Prabhakar/Desktop/Test1/kws20_demo/build/cnn.o
 .rodata.kernels_55
                0x1002c1cc      0x940 c:/Users/Mohan_Prabhakar/Desktop/Test1/kws20_demo/build/cnn.o
 .rodata.kernels_56
                0x1002cb0c      0x940 c:/Users/Mohan_Prabhakar/Desktop/Test1/kws20_demo/build/cnn.o
 .rodata.kernels_57
                0x1002d44c      0x940 c:/Users/Mohan_Prabhakar/Desktop/Test1/kws20_demo/build/cnn.o
 .rodata.kernels_58
                0x1002dd8c      0x940 c:/Users/Mohan_Prabhakar/Desktop/Test1/kws20_demo/build/cnn.o
 .rodata.kernels_59
                0x1002e6cc      0x940 c:/Users/Mohan_Prabhakar/Desktop/Test1/kws20_demo/build/cnn.o
 .rodata.kernels_6
                0x1002f00c     0x1384 c:/Users/Mohan_Prabhakar/Desktop/Test1/kws20_demo/build/cnn.o
 .rodata.kernels_60
                0x10030390      0x940 c:/Users/Mohan_Prabhakar/Desktop/Test1/kws20_demo/build/cnn.o
 .rodata.kernels_61
                0x10030cd0      0x940 c:/Users/Mohan_Prabhakar/Desktop/Test1/kws20_demo/build/cnn.o
 .rodata.kernels_62
                0x10031610      0x940 c:/Users/Mohan_Prabhakar/Desktop/Test1/kws20_demo/build/cnn.o
 .rodata.kernels_63
                0x10031f50      0x940 c:/Users/Mohan_Prabhakar/Desktop/Test1/kws20_demo/build/cnn.o
 .rodata.kernels_7
                0x10032890      0x900 c:/Users/Mohan_Prabhakar/Desktop/Test1/kws20_demo/build/cnn.o
 .rodata.kernels_8
                0x10033190      0x900 c:/Users/Mohan_Prabhakar/Desktop/Test1/kws20_demo/build/cnn.o
 .rodata.kernels_9
                0x10033a90      0x900 c:/Users/Mohan_Prabhakar/Desktop/Test1/kws20_demo/build/cnn.o
 .rodata.mxc_assert.str1.4
                0x10034390       0x19 c:/Users/Mohan_Prabhakar/Desktop/Test1/kws20_demo/build/board.o
 *fill*         0x100343a9        0x3 
 .rodata.Board_Init.str1.4
                0x100343ac       0x45 c:/Users/Mohan_Prabhakar/Desktop/Test1/kws20_demo/build/board.o
 *fill*         0x100343f1        0x3 
 .rodata.led_pin
                0x100343f4       0x24 c:/Users/Mohan_Prabhakar/Desktop/Test1/kws20_demo/build/board.o
                0x100343f4                led_pin
 .rodata.num_leds
                0x10034418        0x4 c:/Users/Mohan_Prabhakar/Desktop/Test1/kws20_demo/build/board.o
                0x10034418                num_leds
 .rodata.num_pbs
                0x1003441c        0x4 c:/Users/Mohan_Prabhakar/Desktop/Test1/kws20_demo/build/board.o
                0x1003441c                num_pbs
 .rodata.pb_pin
                0x10034420       0x18 c:/Users/Mohan_Prabhakar/Desktop/Test1/kws20_demo/build/board.o
                0x10034420                pb_pin
 .rodata.LED_On.str1.4
                0x10034438       0x4f c:/Users/Mohan_Prabhakar/Desktop/Test1/kws20_demo/build/led.o
 *fill*         0x10034487        0x1 
 .rodata.PB_RegisterCallback.str1.4
                0x10034488       0x4d c:/Users/Mohan_Prabhakar/Desktop/Test1/kws20_demo/build/pb.o
 *fill*         0x100344d5        0x3 
 .rodata.gpio_cfg_i2c0
                0x100344d8        0xc c:/MaximSDK/Libraries/PeriphDrivers/bin/MAX78000/softfp/libPeriphDriver_softfp.a(pins_ai85.o)
                0x100344d8                gpio_cfg_i2c0
 .rodata.gpio_cfg_i2c1
                0x100344e4        0xc c:/MaximSDK/Libraries/PeriphDrivers/bin/MAX78000/softfp/libPeriphDriver_softfp.a(pins_ai85.o)
                0x100344e4                gpio_cfg_i2c1
 .rodata.gpio_cfg_i2c2
                0x100344f0        0xc c:/MaximSDK/Libraries/PeriphDrivers/bin/MAX78000/softfp/libPeriphDriver_softfp.a(pins_ai85.o)
                0x100344f0                gpio_cfg_i2c2
 .rodata.gpio_cfg_i2s0
                0x100344fc        0xc c:/MaximSDK/Libraries/PeriphDrivers/bin/MAX78000/softfp/libPeriphDriver_softfp.a(pins_ai85.o)
                0x100344fc                gpio_cfg_i2s0
 .rodata.gpio_cfg_i2s0_extclk
                0x10034508        0xc c:/MaximSDK/Libraries/PeriphDrivers/bin/MAX78000/softfp/libPeriphDriver_softfp.a(pins_ai85.o)
                0x10034508                gpio_cfg_i2s0_extclk
 .rodata.gpio_cfg_tmr0
                0x10034514        0xc c:/MaximSDK/Libraries/PeriphDrivers/bin/MAX78000/softfp/libPeriphDriver_softfp.a(pins_ai85.o)
                0x10034514                gpio_cfg_tmr0
 .rodata.gpio_cfg_tmr0b
                0x10034520        0xc c:/MaximSDK/Libraries/PeriphDrivers/bin/MAX78000/softfp/libPeriphDriver_softfp.a(pins_ai85.o)
                0x10034520                gpio_cfg_tmr0b
 .rodata.gpio_cfg_tmr1
                0x1003452c        0xc c:/MaximSDK/Libraries/PeriphDrivers/bin/MAX78000/softfp/libPeriphDriver_softfp.a(pins_ai85.o)
                0x1003452c                gpio_cfg_tmr1
 .rodata.gpio_cfg_tmr1b
                0x10034538        0xc c:/MaximSDK/Libraries/PeriphDrivers/bin/MAX78000/softfp/libPeriphDriver_softfp.a(pins_ai85.o)
                0x10034538                gpio_cfg_tmr1b
 .rodata.gpio_cfg_tmr2
                0x10034544        0xc c:/MaximSDK/Libraries/PeriphDrivers/bin/MAX78000/softfp/libPeriphDriver_softfp.a(pins_ai85.o)
                0x10034544                gpio_cfg_tmr2
 .rodata.gpio_cfg_tmr2b
                0x10034550        0xc c:/MaximSDK/Libraries/PeriphDrivers/bin/MAX78000/softfp/libPeriphDriver_softfp.a(pins_ai85.o)
                0x10034550                gpio_cfg_tmr2b
 .rodata.gpio_cfg_tmr3
                0x1003455c        0xc c:/MaximSDK/Libraries/PeriphDrivers/bin/MAX78000/softfp/libPeriphDriver_softfp.a(pins_ai85.o)
                0x1003455c                gpio_cfg_tmr3
 .rodata.gpio_cfg_tmr3b
                0x10034568        0xc c:/MaximSDK/Libraries/PeriphDrivers/bin/MAX78000/softfp/libPeriphDriver_softfp.a(pins_ai85.o)
                0x10034568                gpio_cfg_tmr3b
 .rodata.gpio_cfg_tmr4
                0x10034574        0xc c:/MaximSDK/Libraries/PeriphDrivers/bin/MAX78000/softfp/libPeriphDriver_softfp.a(pins_ai85.o)
                0x10034574                gpio_cfg_tmr4
 .rodata.gpio_cfg_tmr5
                0x10034580        0xc c:/MaximSDK/Libraries/PeriphDrivers/bin/MAX78000/softfp/libPeriphDriver_softfp.a(pins_ai85.o)
                0x10034580                gpio_cfg_tmr5
 .rodata.gpio_cfg_uart0
                0x1003458c        0xc c:/MaximSDK/Libraries/PeriphDrivers/bin/MAX78000/softfp/libPeriphDriver_softfp.a(pins_ai85.o)
                0x1003458c                gpio_cfg_uart0
 .rodata.gpio_cfg_uart1
                0x10034598        0xc c:/MaximSDK/Libraries/PeriphDrivers/bin/MAX78000/softfp/libPeriphDriver_softfp.a(pins_ai85.o)
                0x10034598                gpio_cfg_uart1
 .rodata.gpio_cfg_uart2
                0x100345a4        0xc c:/MaximSDK/Libraries/PeriphDrivers/bin/MAX78000/softfp/libPeriphDriver_softfp.a(pins_ai85.o)
                0x100345a4                gpio_cfg_uart2
 .rodata.gpio_cfg_uart3
                0x100345b0        0xc c:/MaximSDK/Libraries/PeriphDrivers/bin/MAX78000/softfp/libPeriphDriver_softfp.a(pins_ai85.o)
                0x100345b0                gpio_cfg_uart3
 .rodata.MXC_TMR_Init.str1.4
                0x100345bc       0x48 c:/MaximSDK/Libraries/PeriphDrivers/bin/MAX78000/softfp/libPeriphDriver_softfp.a(tmr_ai85.o)
 .rodata.MXC_TMR_RevB_ConfigGeneric.str1.4
                0x10034604       0x3a c:/MaximSDK/Libraries/PeriphDrivers/bin/MAX78000/softfp/libPeriphDriver_softfp.a(tmr_revb.o)
                                 0x48 (size before relaxing)
 *fill*         0x1003463e        0x2 
 .rodata.CSWTCH.14
                0x10034640       0x10 c:/MaximSDK/Libraries/PeriphDrivers/bin/MAX78000/softfp/libPeriphDriver_softfp.a(wut_reva.o)
 .rodata.CSWTCH.15
                0x10034650       0x10 c:/MaximSDK/Libraries/PeriphDrivers/bin/MAX78000/softfp/libPeriphDriver_softfp.a(wut_reva.o)
 .rodata.MXC_GPIO_Common_Handler.str1.4
                0x10034660       0x5e c:/MaximSDK/Libraries/PeriphDrivers/bin/MAX78000/softfp/libPeriphDriver_softfp.a(gpio_common.o)
 *fill*         0x100346be        0x2 
 .rodata._global_impure_ptr
                0x100346c0        0x4 c:/maximsdk/tools/gnutools/bin/../lib/gcc/arm-none-eabi/9.2.1/../../../../arm-none-eabi/lib/thumb/v7e-m+fp/softfp\libc.a(lib_a-impure.o)
                0x100346c0                _global_impure_ptr
 .rodata._puts_r.str1.4
                0x100346c4       0x5e c:/maximsdk/tools/gnutools/bin/../lib/gcc/arm-none-eabi/9.2.1/../../../../arm-none-eabi/lib/thumb/v7e-m+fp/softfp\libc.a(lib_a-puts.o)
                                  0x2 (size before relaxing)
 .rodata._vfprintf_r.str1.4
                0x100346c4       0x42 c:/maximsdk/tools/gnutools/bin/../lib/gcc/arm-none-eabi/9.2.1/../../../../arm-none-eabi/lib/thumb/v7e-m+fp/softfp\libc.a(lib_a-vfprintf.o)
 *fill*         0x10034706        0x2 
 .rodata.blanks.8723
                0x10034708       0x10 c:/maximsdk/tools/gnutools/bin/../lib/gcc/arm-none-eabi/9.2.1/../../../../arm-none-eabi/lib/thumb/v7e-m+fp/softfp\libc.a(lib_a-vfprintf.o)
 .rodata.zeroes.8724
                0x10034718       0x10 c:/maximsdk/tools/gnutools/bin/../lib/gcc/arm-none-eabi/9.2.1/../../../../arm-none-eabi/lib/thumb/v7e-m+fp/softfp\libc.a(lib_a-vfprintf.o)
 .rodata._dtoa_r.str1.4
                0x10034728        0xd c:/maximsdk/tools/gnutools/bin/../lib/gcc/arm-none-eabi/9.2.1/../../../../arm-none-eabi/lib/thumb/v7e-m+fp/softfp\libc.a(lib_a-dtoa.o)
                                 0x12 (size before relaxing)
 *fill*         0x10034735        0x3 
 .rodata.__mprec_bigtens
                0x10034738       0x28 c:/maximsdk/tools/gnutools/bin/../lib/gcc/arm-none-eabi/9.2.1/../../../../arm-none-eabi/lib/thumb/v7e-m+fp/softfp\libc.a(lib_a-mprec.o)
                0x10034738                __mprec_bigtens
 .rodata.__mprec_tens
                0x10034760       0xc8 c:/maximsdk/tools/gnutools/bin/../lib/gcc/arm-none-eabi/9.2.1/../../../../arm-none-eabi/lib/thumb/v7e-m+fp/softfp\libc.a(lib_a-mprec.o)
                0x10034760                __mprec_tens
 .rodata.p05.7478
                0x10034828        0xc c:/maximsdk/tools/gnutools/bin/../lib/gcc/arm-none-eabi/9.2.1/../../../../arm-none-eabi/lib/thumb/v7e-m+fp/softfp\libc.a(lib_a-mprec.o)
 .rodata._setlocale_r.str1.4
                0x10034834        0xa c:/maximsdk/tools/gnutools/bin/../lib/gcc/arm-none-eabi/9.2.1/../../../../arm-none-eabi/lib/thumb/v7e-m+fp/softfp\libc.a(lib_a-locale.o)
                                  0xd (size before relaxing)
 *fill*         0x1003483e        0x2 
 .rodata.str1.4
                0x10034840        0x2 c:/maximsdk/tools/gnutools/bin/../lib/gcc/arm-none-eabi/9.2.1/../../../../arm-none-eabi/lib/thumb/v7e-m+fp/softfp\libc.a(lib_a-locale.o)
 *fill*         0x10034842        0x2 
 .rodata._ctype_
                0x10034844      0x101 c:/maximsdk/tools/gnutools/bin/../lib/gcc/arm-none-eabi/9.2.1/../../../../arm-none-eabi/lib/thumb/v7e-m+fp/softfp\libc.a(lib_a-ctype_.o)
                0x10034844                _ctype_
 *(.init)
 *fill*         0x10034945        0x3 
 .init          0x10034948        0x4 c:/maximsdk/tools/gnutools/bin/../lib/gcc/arm-none-eabi/9.2.1/thumb/v7e-m+fp/softfp/crti.o
                0x10034948                _init
 .init          0x1003494c        0x8 c:/maximsdk/tools/gnutools/bin/../lib/gcc/arm-none-eabi/9.2.1/thumb/v7e-m+fp/softfp/crtn.o
 *(.fini)
 .fini          0x10034954        0x4 c:/maximsdk/tools/gnutools/bin/../lib/gcc/arm-none-eabi/9.2.1/thumb/v7e-m+fp/softfp/crti.o
                0x10034954                _fini
 .fini          0x10034958        0x8 c:/maximsdk/tools/gnutools/bin/../lib/gcc/arm-none-eabi/9.2.1/thumb/v7e-m+fp/softfp/crtn.o
 *(.eh_frame*)
 .eh_frame      0x10034960        0x0 c:/maximsdk/tools/gnutools/bin/../lib/gcc/arm-none-eabi/9.2.1/thumb/v7e-m+fp/softfp/crtbegin.o
 .eh_frame      0x10034960        0x4 c:/maximsdk/tools/gnutools/bin/../lib/gcc/arm-none-eabi/9.2.1/thumb/v7e-m+fp/softfp/crtend.o
                0x10034964                _etext = .

.glue_7         0x10034964        0x0
 .glue_7        0x10034964        0x0 linker stubs

.glue_7t        0x10034964        0x0
 .glue_7t       0x10034964        0x0 linker stubs

.vfp11_veneer   0x10034964        0x0
 .vfp11_veneer  0x10034964        0x0 linker stubs

.v4_bx          0x10034964        0x0
 .v4_bx         0x10034964        0x0 linker stubs

.iplt           0x10034964        0x0
 .iplt          0x10034964        0x0 c:/maximsdk/tools/gnutools/bin/../lib/gcc/arm-none-eabi/9.2.1/thumb/v7e-m+fp/softfp/crtbegin.o

.bin_storage    0x10034964    0x26468
 FILL mask 0xff
                0x10034964                _bin_start_ = .
 *(.bin_storage_img)
 .bin_storage_img
                0x10034964    0x25804 c:/Users/Mohan_Prabhakar/Desktop/Test1/kws20_demo/build/img_1_rgb565.o
                0x10034964                img_1_rgb565
 .bin_storage_img
                0x1005a168      0xc64 c:/Users/Mohan_Prabhakar/Desktop/Test1/kws20_demo/build/SansSerif16x16.o
                0x1005a168                SansSerif16x16
                0x1005adcc                _bin_end_ = .
                0x1005adcc                . = ALIGN (0x4)

.rom_code       0x00000000        0x0
                0x00000000                . = ALIGN (0x10)
                0x20000000                _sran_code = .
 *(.rom_code_section)
                0x20000000                _esran_code = .

.flash_code     0x1005adcc        0x4
                0x1005add0                . = ALIGN (0x10)
 *fill*         0x1005adcc        0x4 
                0x20000000                _sran_code = .
 *(.flash_code_section)
                0x20000000                _esran_code = .

.sram_code      0x20000000        0x0
                0x20000000                . = ALIGN (0x10)
                0x20000000                _sran_code = .
 *(.sram_code_section)
                0x20000000                _esran_code = .

.ARM.exidx      0x1005add0        0x8
                0x1005add0                __exidx_start = .
 *(.ARM.exidx*)
 .ARM.exidx     0x1005add0        0x8 c:/maximsdk/tools/gnutools/bin/../lib/gcc/arm-none-eabi/9.2.1/thumb/v7e-m+fp/softfp\libgcc.a(_udivmoddi4.o)
                0x1005add8                __exidx_end = .

.rel.dyn        0x1005add8        0x0
 .rel.iplt      0x1005add8        0x0 c:/maximsdk/tools/gnutools/bin/../lib/gcc/arm-none-eabi/9.2.1/thumb/v7e-m+fp/softfp/crtbegin.o

.data           0x20000000      0x9cc load address 0x1005add8
                0x20000000                _data = ALIGN (., 0x4)
 *(.data*)
 .data.thresholdHigh
                0x20000000        0x2 c:/Users/Mohan_Prabhakar/Desktop/Test1/kws20_demo/build/main.o
                0x20000000                thresholdHigh
 .data.thresholdLow
                0x20000002        0x2 c:/Users/Mohan_Prabhakar/Desktop/Test1/kws20_demo/build/main.o
                0x20000002                thresholdLow
 .data.tot_usec
                0x20000004        0x4 c:/Users/Mohan_Prabhakar/Desktop/Test1/kws20_demo/build/main.o
                0x20000004                tot_usec
 .data.ConsoleUart
                0x20000008        0x4 c:/Users/Mohan_Prabhakar/Desktop/Test1/kws20_demo/build/board.o
                0x20000008                ConsoleUart
 .data.overflows
                0x2000000c        0x4 c:/MaximSDK/Libraries/PeriphDrivers/bin/MAX78000/softfp/libPeriphDriver_softfp.a(mxc_delay.o)
 .data._impure_ptr
                0x20000010        0x4 c:/maximsdk/tools/gnutools/bin/../lib/gcc/arm-none-eabi/9.2.1/../../../../arm-none-eabi/lib/thumb/v7e-m+fp/softfp\libc.a(lib_a-impure.o)
                0x20000010                _impure_ptr
 *fill*         0x20000014        0x4 
 .data.impure_data
                0x20000018      0x428 c:/maximsdk/tools/gnutools/bin/../lib/gcc/arm-none-eabi/9.2.1/../../../../arm-none-eabi/lib/thumb/v7e-m+fp/softfp\libc.a(lib_a-impure.o)
 .data.__malloc_av_
                0x20000440      0x408 c:/maximsdk/tools/gnutools/bin/../lib/gcc/arm-none-eabi/9.2.1/../../../../arm-none-eabi/lib/thumb/v7e-m+fp/softfp\libc.a(lib_a-mallocr.o)
                0x20000440                __malloc_av_
 .data.__malloc_sbrk_base
                0x20000848        0x4 c:/maximsdk/tools/gnutools/bin/../lib/gcc/arm-none-eabi/9.2.1/../../../../arm-none-eabi/lib/thumb/v7e-m+fp/softfp\libc.a(lib_a-mallocr.o)
                0x20000848                __malloc_sbrk_base
 .data.__malloc_trim_threshold
                0x2000084c        0x4 c:/maximsdk/tools/gnutools/bin/../lib/gcc/arm-none-eabi/9.2.1/../../../../arm-none-eabi/lib/thumb/v7e-m+fp/softfp\libc.a(lib_a-mallocr.o)
                0x2000084c                __malloc_trim_threshold
 .data.__atexit_recursive_mutex
                0x20000850        0x4 c:/maximsdk/tools/gnutools/bin/../lib/gcc/arm-none-eabi/9.2.1/../../../../arm-none-eabi/lib/thumb/v7e-m+fp/softfp\libc.a(lib_a-__call_atexit.o)
                0x20000850                __atexit_recursive_mutex
 .data.__global_locale
                0x20000854      0x16c c:/maximsdk/tools/gnutools/bin/../lib/gcc/arm-none-eabi/9.2.1/../../../../arm-none-eabi/lib/thumb/v7e-m+fp/softfp\libc.a(lib_a-locale.o)
                0x20000854                __global_locale
                0x200009c0                . = ALIGN (0x4)
                0x200009c0                PROVIDE (__preinit_array_start = .)
 *(.preinit_array)
                0x200009c0                PROVIDE (__preinit_array_end = .)
                0x200009c0                . = ALIGN (0x4)
                0x200009c0                PROVIDE (__init_array_start = .)
 *(SORT_BY_NAME(.init_array.*))
 .init_array.00000
                0x200009c0        0x4 c:/maximsdk/tools/gnutools/bin/../lib/gcc/arm-none-eabi/9.2.1/../../../../arm-none-eabi/lib/thumb/v7e-m+fp/softfp\libc.a(lib_a-__call_atexit.o)
 *(.init_array)
 .init_array    0x200009c4        0x4 c:/maximsdk/tools/gnutools/bin/../lib/gcc/arm-none-eabi/9.2.1/thumb/v7e-m+fp/softfp/crtbegin.o
                0x200009c8                PROVIDE (__init_array_end = .)
                0x200009c8                . = ALIGN (0x4)
                0x200009c8                PROVIDE (__fini_array_start = .)
 *(SORT_BY_NAME(.fini_array.*))
 *(.fini_array)
 .fini_array    0x200009c8        0x4 c:/maximsdk/tools/gnutools/bin/../lib/gcc/arm-none-eabi/9.2.1/thumb/v7e-m+fp/softfp/crtbegin.o
                0x200009cc                PROVIDE (__fini_array_end = .)
                0x200009cc                _edata = ALIGN (., 0x4)
                0x1005add8                __load_data = LOADADDR (.data)

.igot.plt       0x200009cc        0x0 load address 0x1005b7a4
 .igot.plt      0x200009cc        0x0 c:/maximsdk/tools/gnutools/bin/../lib/gcc/arm-none-eabi/9.2.1/thumb/v7e-m+fp/softfp/crtbegin.o

.bss            0x20000a00     0x589c load address 0x1005b7a4
                0x20000a00                . = ALIGN (0x4)
                0x20000a00                _bss = .
 *(.bss*)
 .bss           0x20000a00       0x1c c:/maximsdk/tools/gnutools/bin/../lib/gcc/arm-none-eabi/9.2.1/thumb/v7e-m+fp/softfp/crtbegin.o
 .bss.Coeff     0x20000a1c        0x2 c:/Users/Mohan_Prabhakar/Desktop/Test1/kws20_demo/build/main.o
 .bss.chunkCount.10154
                0x20000a1e        0x2 c:/Users/Mohan_Prabhakar/Desktop/Test1/kws20_demo/build/main.o
 .bss.col.10139